Component: ARM Compiler 5.06 update 6 (build 750) Tool: armlink [4d35ed]

==============================================================================

Section Cross References

    startup_stm32f40xx.o(RESET) refers to startup_stm32f40xx.o(STACK) for __initial_sp
    startup_stm32f40xx.o(RESET) refers to startup_stm32f40xx.o(.text) for Reset_Handler
    startup_stm32f40xx.o(RESET) refers to stm32f4xx_it.o(i.NMI_Handler) for NMI_Handler
    startup_stm32f40xx.o(RESET) refers to stm32f4xx_it.o(i.HardFault_Handler) for HardFault_Handler
    startup_stm32f40xx.o(RESET) refers to stm32f4xx_it.o(i.MemManage_Handler) for MemManage_Handler
    startup_stm32f40xx.o(RESET) refers to stm32f4xx_it.o(i.BusFault_Handler) for BusFault_Handler
    startup_stm32f40xx.o(RESET) refers to stm32f4xx_it.o(i.UsageFault_Handler) for UsageFault_Handler
    startup_stm32f40xx.o(RESET) refers to stm32f4xx_it.o(i.SVC_Handler) for SVC_Handler
    startup_stm32f40xx.o(RESET) refers to stm32f4xx_it.o(i.DebugMon_Handler) for DebugMon_Handler
    startup_stm32f40xx.o(RESET) refers to stm32f4xx_it.o(i.PendSV_Handler) for PendSV_Handler
    startup_stm32f40xx.o(RESET) refers to stm32f4xx_it.o(i.SysTick_Handler) for SysTick_Handler
    startup_stm32f40xx.o(RESET) refers to usart1.o(i.USART1_IRQHandler) for USART1_IRQHandler
    startup_stm32f40xx.o(RESET) refers to usart2.o(i.USART2_IRQHandler) for USART2_IRQHandler
    startup_stm32f40xx.o(RESET) refers to usart3.o(i.USART3_IRQHandler) for USART3_IRQHandler
    startup_stm32f40xx.o(RESET) refers to exti.o(i.EXTI15_10_IRQHandler) for EXTI15_10_IRQHandler
    startup_stm32f40xx.o(RESET) refers to uart4.o(i.UART4_IRQHandler) for UART4_IRQHandler
    startup_stm32f40xx.o(RESET) refers to bsp_basic_tim.o(i.TIM7_IRQHandler) for TIM7_IRQHandler
    startup_stm32f40xx.o(RESET) refers to usart6.o(i.USART6_IRQHandler) for USART6_IRQHandler
    startup_stm32f40xx.o(.text) refers to system_stm32f4xx.o(i.SystemInit) for SystemInit
    startup_stm32f40xx.o(.text) refers to entry.o(.ARM.Collect$$$$00000000) for __main
    system_stm32f4xx.o(i.SystemCoreClockUpdate) refers to system_stm32f4xx.o(.data) for SystemCoreClock
    system_stm32f4xx.o(i.SystemInit) refers to system_stm32f4xx.o(i.SetSysClock) for SetSysClock
    stm32f4xx_adc.o(i.ADC_DeInit) refers to stm32f4xx_rcc.o(i.RCC_APB2PeriphResetCmd) for RCC_APB2PeriphResetCmd
    stm32f4xx_can.o(i.CAN_DeInit) refers to stm32f4xx_rcc.o(i.RCC_APB1PeriphResetCmd) for RCC_APB1PeriphResetCmd
    stm32f4xx_can.o(i.CAN_GetITStatus) refers to stm32f4xx_can.o(i.CheckITStatus) for CheckITStatus
    stm32f4xx_cryp.o(i.CRYP_DeInit) refers to stm32f4xx_rcc.o(i.RCC_AHB2PeriphResetCmd) for RCC_AHB2PeriphResetCmd
    stm32f4xx_cryp_aes.o(i.CRYP_AES_CBC) refers to stm32f4xx_cryp.o(i.CRYP_KeyStructInit) for CRYP_KeyStructInit
    stm32f4xx_cryp_aes.o(i.CRYP_AES_CBC) refers to stm32f4xx_cryp.o(i.CRYP_FIFOFlush) for CRYP_FIFOFlush
    stm32f4xx_cryp_aes.o(i.CRYP_AES_CBC) refers to stm32f4xx_cryp.o(i.CRYP_Init) for CRYP_Init
    stm32f4xx_cryp_aes.o(i.CRYP_AES_CBC) refers to stm32f4xx_cryp.o(i.CRYP_KeyInit) for CRYP_KeyInit
    stm32f4xx_cryp_aes.o(i.CRYP_AES_CBC) refers to stm32f4xx_cryp.o(i.CRYP_Cmd) for CRYP_Cmd
    stm32f4xx_cryp_aes.o(i.CRYP_AES_CBC) refers to stm32f4xx_cryp.o(i.CRYP_GetFlagStatus) for CRYP_GetFlagStatus
    stm32f4xx_cryp_aes.o(i.CRYP_AES_CBC) refers to stm32f4xx_cryp.o(i.CRYP_IVInit) for CRYP_IVInit
    stm32f4xx_cryp_aes.o(i.CRYP_AES_CBC) refers to stm32f4xx_cryp.o(i.CRYP_GetCmdStatus) for CRYP_GetCmdStatus
    stm32f4xx_cryp_aes.o(i.CRYP_AES_CBC) refers to stm32f4xx_cryp.o(i.CRYP_DataIn) for CRYP_DataIn
    stm32f4xx_cryp_aes.o(i.CRYP_AES_CBC) refers to stm32f4xx_cryp.o(i.CRYP_DataOut) for CRYP_DataOut
    stm32f4xx_cryp_aes.o(i.CRYP_AES_CCM) refers to stm32f4xx_cryp.o(i.CRYP_KeyStructInit) for CRYP_KeyStructInit
    stm32f4xx_cryp_aes.o(i.CRYP_AES_CCM) refers to stm32f4xx_cryp.o(i.CRYP_FIFOFlush) for CRYP_FIFOFlush
    stm32f4xx_cryp_aes.o(i.CRYP_AES_CCM) refers to stm32f4xx_cryp.o(i.CRYP_KeyInit) for CRYP_KeyInit
    stm32f4xx_cryp_aes.o(i.CRYP_AES_CCM) refers to stm32f4xx_cryp.o(i.CRYP_IVInit) for CRYP_IVInit
    stm32f4xx_cryp_aes.o(i.CRYP_AES_CCM) refers to stm32f4xx_cryp.o(i.CRYP_Init) for CRYP_Init
    stm32f4xx_cryp_aes.o(i.CRYP_AES_CCM) refers to stm32f4xx_cryp.o(i.CRYP_PhaseConfig) for CRYP_PhaseConfig
    stm32f4xx_cryp_aes.o(i.CRYP_AES_CCM) refers to stm32f4xx_cryp.o(i.CRYP_DataIn) for CRYP_DataIn
    stm32f4xx_cryp_aes.o(i.CRYP_AES_CCM) refers to stm32f4xx_cryp.o(i.CRYP_Cmd) for CRYP_Cmd
    stm32f4xx_cryp_aes.o(i.CRYP_AES_CCM) refers to stm32f4xx_cryp.o(i.CRYP_GetCmdStatus) for CRYP_GetCmdStatus
    stm32f4xx_cryp_aes.o(i.CRYP_AES_CCM) refers to stm32f4xx_cryp.o(i.CRYP_GetFlagStatus) for CRYP_GetFlagStatus
    stm32f4xx_cryp_aes.o(i.CRYP_AES_CCM) refers to stm32f4xx_cryp.o(i.CRYP_DataOut) for CRYP_DataOut
    stm32f4xx_cryp_aes.o(i.CRYP_AES_CTR) refers to stm32f4xx_cryp.o(i.CRYP_KeyStructInit) for CRYP_KeyStructInit
[...]
    Removing manual.o(i.ManualRaisePawFromLitterPool), (168 bytes).
    Removing fullauto.o(.rev16_text), (4 bytes).
    Removing fullauto.o(.revsh_text), (4 bytes).
    Removing fullauto.o(.rrx_text), (6 bytes).
    Removing halfauto.o(.rev16_text), (4 bytes).
    Removing halfauto.o(.revsh_text), (4 bytes).
    Removing halfauto.o(.rrx_text), (6 bytes).

806 unused section(s) (total 33097 bytes) removed from the image.

==============================================================================

Image Symbol Table

    Local Symbols

    Symbol Name                              Value     Ov Type        Size  Object(Section)

    ../clib/../cmprslib/zerorunl2.c          0x00000000   Number         0  __dczerorl2.o ABSOLUTE
    ../clib/microlib/init/entry.s            0x00000000   Number         0  entry2.o ABSOLUTE
    ../clib/microlib/init/entry.s            0x00000000   Number         0  entry10b.o ABSOLUTE
    ../clib/microlib/init/entry.s            0x00000000   Number         0  entry8b.o ABSOLUTE
    ../clib/microlib/init/entry.s            0x00000000   Number         0  entry11a.o ABSOLUTE
    ../clib/microlib/init/entry.s            0x00000000   Number         0  entry9a.o ABSOLUTE
    ../clib/microlib/init/entry.s            0x00000000   Number         0  entry8a.o ABSOLUTE
    ../clib/microlib/init/entry.s            0x00000000   Number         0  entry9b.o ABSOLUTE
    ../clib/microlib/init/entry.s            0x00000000   Number         0  entry5.o ABSOLUTE
    ../clib/microlib/init/entry.s            0x00000000   Number         0  entry7a.o ABSOLUTE
    ../clib/microlib/init/entry.s            0x00000000   Number         0  entry7b.o ABSOLUTE
    ../clib/microlib/init/entry.s            0x00000000   Number         0  entry11b.o ABSOLUTE
    ../clib/microlib/init/entry.s            0x00000000   Number         0  entry.o ABSOLUTE
    ../clib/microlib/init/entry.s            0x00000000   Number         0  entry10a.o ABSOLUTE
    ../clib/microlib/longlong.c              0x00000000   Number         0  llshl.o ABSOLUTE
    ../clib/microlib/longlong.c              0x00000000   Number         0  llushr.o ABSOLUTE
    ../clib/microlib/stubs.s                 0x00000000   Number         0  iusefp.o ABSOLUTE
    ../fplib/microlib/d2f.c                  0x00000000   Number         0  d2f.o ABSOLUTE
    ../fplib/microlib/fpdiv.c                0x00000000   Number         0  ddiv.o ABSOLUTE
    ../fplib/microlib/fpepilogue.c           0x00000000   Number         0  depilogue.o ABSOLUTE
    ../fplib/microlib/fpepilogue.c           0x00000000   Number         0  fepilogue.o ABSOLUTE
    ../fplib/microlib/fpflt.c                0x00000000   Number         0  dflti.o ABSOLUTE
    ../fplib/microlib/fpmul.c                0x00000000   Number         0  dmul.o ABSOLUTE
    ..\..\Libraries\CMSIS\Device\ST\STM32F4xx\Source\Templates\arm\startup_stm32f40xx.s 0x00000000   Number         0  startup_stm32f40xx.o ABSOLUTE
    ..\..\Libraries\CMSIS\Device\ST\STM32F4xx\Source\Templates\system_stm32f4xx.c 0x00000000   Number         0  system_stm32f4xx.o ABSOLUTE
    ..\..\Libraries\STM32F4xx_StdPeriph_Driver\src\misc.c 0x00000000   Number         0  misc.o ABSOLUTE
    ..\..\Libraries\STM32F4xx_StdPeriph_Driver\src\stm32f4xx_adc.c 0x00000000   Number         0  stm32f4xx_adc.o ABSOLUTE
    ..\..\Libraries\STM32F4xx_StdPeriph_Driver\src\stm32f4xx_can.c 0x00000000   Number         0  stm32f4xx_can.o ABSOLUTE
    ..\..\Libraries\STM32F4xx_StdPeriph_Driver\src\stm32f4xx_cec.c 0x00000000   Number         0  stm32f4xx_cec.o ABSOLUTE
    ..\..\Libraries\STM32F4xx_StdPeriph_Driver\src\stm32f4xx_crc.c 0x00000000   Number         0  stm32f4xx_crc.o ABSOLUTE
    ..\..\Libraries\STM32F4xx_StdPeriph_Driver\src\stm32f4xx_cryp.c 0x00000000   Number         0  stm32f4xx_cryp.o ABSOLUTE
    ..\..\Libraries\STM32F4xx_StdPeriph_Driver\src\stm32f4xx_cryp_aes.c 0x00000000   Number         0  stm32f4xx_cryp_aes.o ABSOLUTE
    ..\..\Libraries\STM32F4xx_StdPeriph_Driver\src\stm32f4xx_cryp_des.c 0x00000000   Number         0  stm32f4xx_cryp_des.o ABSOLUTE
    ..\..\Libraries\STM32F4xx_StdPeriph_Driver\src\stm32f4xx_cryp_tdes.c 0x00000000   Number         0  stm32f4xx_cryp_tdes.o ABSOLUTE
    ..\..\Libraries\STM32F4xx_StdPeriph_Driver\src\stm32f4xx_dac.c 0x00000000   Number         0  stm32f4xx_dac.o ABSOLUTE
    ..\..\Libraries\STM32F4xx_StdPeriph_Driver\src\stm32f4xx_dbgmcu.c 0x00000000   Number         0  stm32f4xx_dbgmcu.o ABSOLUTE
    ..\..\Libraries\STM32F4xx_StdPeriph_Driver\src\stm32f4xx_dcmi.c 0x00000000   Number         0  stm32f4xx_dcmi.o ABSOLUTE
    ..\..\Libraries\STM32F4xx_StdPeriph_Driver\src\stm32f4xx_dma.c 0x00000000   Number         0  stm32f4xx_dma.o ABSOLUTE
    ..\..\Libraries\STM32F4xx_StdPeriph_Driver\src\stm32f4xx_exti.c 0x00000000   Number         0  stm32f4xx_exti.o ABSOLUTE
    ..\..\Libraries\STM32F4xx_StdPeriph_Driver\src\stm32f4xx_flash.c 0x00000000   Number         0  stm32f4xx_flash.o ABSOLUTE
    ..\..\Libraries\STM32F4xx_StdPeriph_Driver\src\stm32f4xx_flash_ramfunc.c 0x00000000   Number         0  stm32f4xx_flash_ramfunc.o ABSOLUTE
    ..\..\Libraries\STM32F4xx_StdPeriph_Driver\src\stm32f4xx_fmpi2c.c 0x00000000   Number         0  stm32f4xx_fmpi2c.o ABSOLUTE
    ..\..\Libraries\STM32F4xx_StdPeriph_Driver\src\stm32f4xx_gpio.c 0x00000000   Number         0  stm32f4xx_gpio.o ABSOLUTE
    ..\..\Libraries\STM32F4xx_StdPeriph_Driver\src\stm32f4xx_hash.c 0x00000000   Number         0  stm32f4xx_hash.o ABSOLUTE
    ..\..\Libraries\STM32F4xx_StdPeriph_Driver\src\stm32f4xx_hash_md5.c 0x00000000   Number         0  stm32f4xx_hash_md5.o ABSOLUTE
    ..\..\Libraries\STM32F4xx_StdPeriph_Driver\src\stm32f4xx_hash_sha1.c 0x00000000   Number         0  stm32f4xx_hash_sha1.o ABSOLUTE
    ..\..\Libraries\STM32F4xx_StdPeriph_Driver\src\stm32f4xx_i2c.c 0x00000000   Number         0  stm32f4xx_i2c.o ABSOLUTE
    ..\..\Libraries\STM32F4xx_StdPeriph_Driver\src\stm32f4xx_iwdg.c 0x00000000   Number         0  stm32f4xx_iwdg.o ABSOLUTE
    ..\..\Libraries\STM32F4xx_StdPeriph_Driver\src\stm32f4xx_pwr.c 0x00000000   Number         0  stm32f4xx_pwr.o ABSOLUTE
    ..\..\Libraries\STM32F4xx_StdPeriph_Driver\src\stm32f4xx_qspi.c 0x00000000   Number         0  stm32f4xx_qspi.o ABSOLUTE
    ..\..\Libraries\STM32F4xx_StdPeriph_Driver\src\stm32f4xx_rcc.c 0x00000000   Number         0  stm32f4xx_rcc.o ABSOLUTE
    ..\..\Libraries\STM32F4xx_StdPeriph_Driver\src\stm32f4xx_rng.c 0x00000000   Number         0  stm32f4xx_rng.o ABSOLUTE
    ..\..\Libraries\STM32F4xx_StdPeriph_Driver\src\stm32f4xx_rtc.c 0x00000000   Number         0  stm32f4xx_rtc.o ABSOLUTE
    ..\..\Libraries\STM32F4xx_StdPeriph_Driver\src\stm32f4xx_sai.c 0x00000000   Number         0  stm32f4xx_sai.o ABSOLUTE
    ..\..\Libraries\STM32F4xx_StdPeriph_Driver\src\stm32f4xx_sdio.c 0x00000000   Number         0  stm32f4xx_sdio.o ABSOLUTE
    ..\..\Libraries\STM32F4xx_StdPeriph_Driver\src\stm32f4xx_spdifrx.c 0x00000000   Number         0  stm32f4xx_spdifrx.o ABSOLUTE
    ..\..\Libraries\STM32F4xx_StdPeriph_Driver\src\stm32f4xx_spi.c 0x00000000   Number         0  stm32f4xx_spi.o ABSOLUTE
    ..\..\Libraries\STM32F4xx_StdPeriph_Driver\src\stm32f4xx_syscfg.c 0x00000000   Number         0  stm32f4xx_syscfg.o ABSOLUTE
    ..\..\Libraries\STM32F4xx_StdPeriph_Driver\src\stm32f4xx_tim.c 0x00000000   Number         0  stm32f4xx_tim.o ABSOLUTE
    ..\..\Libraries\STM32F4xx_StdPeriph_Driver\src\stm32f4xx_usart.c 0x00000000   Number         0  stm32f4xx_usart.o ABSOLUTE
    ..\..\Libraries\STM32F4xx_StdPeriph_Driver\src\stm32f4xx_wwdg.c 0x00000000   Number         0  stm32f4xx_wwdg.o ABSOLUTE
    ..\..\User\ADC\ADC.c                     0x00000000   Number         0  adc.o ABSOLUTE
    ..\..\User\Beep\beep.c                   0x00000000   Number         0  beep.o ABSOLUTE
    ..\..\User\CRC\CRC.c                     0x00000000   Number         0  crc.o ABSOLUTE
    ..\..\User\Control\Control.c             0x00000000   Number         0  control.o ABSOLUTE
    ..\..\User\Data_type\Data_type.c         0x00000000   Number         0  data_type.o ABSOLUTE
    ..\..\User\FullAuto\FullAuto.c           0x00000000   Number         0  fullauto.o ABSOLUTE
    ..\..\User\HalfAuto\HalfAuto.c           0x00000000   Number         0  halfauto.o ABSOLUTE
    ..\..\User\LCFunc\LCFunc.c               0x00000000   Number         0  lcfunc.o ABSOLUTE
    ..\..\User\Manual\Manual.c               0x00000000   Number         0  manual.o ABSOLUTE
    ..\..\User\RS485\RS485.c                 0x00000000   Number         0  rs485.o ABSOLUTE
    ..\..\User\UART4\uart4.c                 0x00000000   Number         0  uart4.o ABSOLUTE
    ..\..\User\USART1\usart1.c               0x00000000   Number         0  usart1.o ABSOLUTE
    ..\..\User\USART2\usart2.c               0x00000000   Number         0  usart2.o ABSOLUTE
    ..\..\User\USART3\usart3.c               0x00000000   Number         0  usart3.o ABSOLUTE
    ..\..\User\USART6\usart6.c               0x00000000   Number         0  usart6.o ABSOLUTE
    ..\..\User\alarm\alarm.c                 0x00000000   Number         0  alarm.o ABSOLUTE
    ..\..\User\basic_tim\bsp_basic_tim.c     0x00000000   Number         0  bsp_basic_tim.o ABSOLUTE
    ..\..\User\exti\exti.c                   0x00000000   Number         0  exti.o ABSOLUTE
    ..\..\User\key\bsp_key.c                 0x00000000   Number         0  bsp_key.o ABSOLUTE
    ..\..\User\led\bsp_led.c                 0x00000000   Number         0  bsp_led.o ABSOLUTE
    ..\..\User\main.c                        0x00000000   Number         0  main.o ABSOLUTE
    ..\..\User\relay\relay.c                 0x00000000   Number         0  relay.o ABSOLUTE
    ..\..\User\stm32f4xx_it.c                0x00000000   Number         0  stm32f4xx_it.o ABSOLUTE
    ..\..\User\systick\bsp_SysTick.c         0x00000000   Number         0  bsp_systick.o ABSOLUTE
    ..\\..\\Libraries\\CMSIS\\Device\\ST\\STM32F4xx\\Source\\Templates\\system_stm32f4xx.c 0x00000000   Number         0  system_stm32f4xx.o ABSOLUTE
    ..\\..\\Libraries\\STM32F4xx_StdPeriph_Driver\\src\\misc.c 0x00000000   Number         0  misc.o ABSOLUTE
    ..\\..\\Libraries\\STM32F4xx_StdPeriph_Driver\\src\\stm32f4xx_adc.c 0x00000000   Number         0  stm32f4xx_adc.o ABSOLUTE
    ..\\..\\Libraries\\STM32F4xx_StdPeriph_Driver\\src\\stm32f4xx_can.c 0x00000000   Number         0  stm32f4xx_can.o ABSOLUTE
    ..\\..\\Libraries\\STM32F4xx_StdPeriph_Driver\\src\\stm32f4xx_cec.c 0x00000000   Number         0  stm32f4xx_cec.o ABSOLUTE
    ..\\..\\Libraries\\STM32F4xx_StdPeriph_Driver\\src\\stm32f4xx_crc.c 0x00000000   Number         0  stm32f4xx_crc.o ABSOLUTE
    ..\\..\\Libraries\\STM32F4xx_StdPeriph_Driver\\src\\stm32f4xx_cryp.c 0x00000000   Number         0  stm32f4xx_cryp.o ABSOLUTE
    ..\\..\\Libraries\\STM32F4xx_StdPeriph_Driver\\src\\stm32f4xx_cryp_aes.c 0x00000000   Number         0  stm32f4xx_cryp_aes.o ABSOLUTE
    ..\\..\\Libraries\\STM32F4xx_StdPeriph_Driver\\src\\stm32f4xx_cryp_des.c 0x00000000   Number         0  stm32f4xx_cryp_des.o ABSOLUTE
    ..\\..\\Libraries\\STM32F4xx_StdPeriph_Driver\\src\\stm32f4xx_cryp_tdes.c 0x00000000   Number         0  stm32f4xx_cryp_tdes.o ABSOLUTE
    ..\\..\\Libraries\\STM32F4xx_StdPeriph_Driver\\src\\stm32f4xx_dac.c 0x00000000   Number         0  stm32f4xx_dac.o ABSOLUTE
    ..\\..\\Libraries\\STM32F4xx_StdPeriph_Driver\\src\\stm32f4xx_dbgmcu.c 0x00000000   Number         0  stm32f4xx_dbgmcu.o ABSOLUTE
    ..\\..\\Libraries\\STM32F4xx_StdPeriph_Driver\\src\\stm32f4xx_dcmi.c 0x00000000   Number         0  stm32f4xx_dcmi.o ABSOLUTE
    ..\\..\\Libraries\\STM32F4xx_StdPeriph_Driver\\src\\stm32f4xx_dma.c 0x00000000   Number         0  stm32f4xx_dma.o ABSOLUTE
    ..\\..\\Libraries\\STM32F4xx_StdPeriph_Driver\\src\\stm32f4xx_exti.c 0x00000000   Number         0  stm32f4xx_exti.o ABSOLUTE
    ..\\..\\Libraries\\STM32F4xx_StdPeriph_Driver\\src\\stm32f4xx_flash.c 0x00000000   Number         0  stm32f4xx_flash.o ABSOLUTE
    ..\\..\\Libraries\\STM32F4xx_StdPeriph_Driver\\src\\stm32f4xx_flash_ramfunc.c 0x00000000   Number         0  stm32f4xx_flash_ramfunc.o ABSOLUTE
    ..\\..\\Libraries\\STM32F4xx_StdPeriph_Driver\\src\\stm32f4xx_fmpi2c.c 0x00000000   Number         0  stm32f4xx_fmpi2c.o ABSOLUTE
    ..\\..\\Libraries\\STM32F4xx_StdPeriph_Driver\\src\\stm32f4xx_gpio.c 0x00000000   Number         0  stm32f4xx_gpio.o ABSOLUTE
    ..\\..\\Libraries\\STM32F4xx_StdPeriph_Driver\\src\\stm32f4xx_hash.c 0x00000000   Number         0  stm32f4xx_hash.o ABSOLUTE
    ..\\..\\Libraries\\STM32F4xx_StdPeriph_Driver\\src\\stm32f4xx_hash_md5.c 0x00000000   Number         0  stm32f4xx_hash_md5.o ABSOLUTE
    ..\\..\\Libraries\\STM32F4xx_StdPeriph_Driver\\src\\stm32f4xx_hash_sha1.c 0x00000000   Number         0  stm32f4xx_hash_sha1.o ABSOLUTE
    ..\\..\\Libraries\\STM32F4xx_StdPeriph_Driver\\src\\stm32f4xx_i2c.c 0x00000000   Number         0  stm32f4xx_i2c.o ABSOLUTE
    ..\\..\\Libraries\\STM32F4xx_StdPeriph_Driver\\src\\stm32f4xx_iwdg.c 0x00000000   Number         0  stm32f4xx_iwdg.o ABSOLUTE
    ..\\..\\Libraries\\STM32F4xx_StdPeriph_Driver\\src\\stm32f4xx_pwr.c 0x00000000   Number         0  stm32f4xx_pwr.o ABSOLUTE
    ..\\..\\Libraries\\STM32F4xx_StdPeriph_Driver\\src\\stm32f4xx_qspi.c 0x00000000   Number         0  stm32f4xx_qspi.o ABSOLUTE
    ..\\..\\Libraries\\STM32F4xx_StdPeriph_Driver\\src\\stm32f4xx_rcc.c 0x00000000   Number         0  stm32f4xx_rcc.o ABSOLUTE
    ..\\..\\Libraries\\STM32F4xx_StdPeriph_Driver\\src\\stm32f4xx_rng.c 0x00000000   Number         0  stm32f4xx_rng.o ABSOLUTE
    ..\\..\\Libraries\\STM32F4xx_StdPeriph_Driver\\src\\stm32f4xx_rtc.c 0x00000000   Number         0  stm32f4xx_rtc.o ABSOLUTE
    ..\\..\\Libraries\\STM32F4xx_StdPeriph_Driver\\src\\stm32f4xx_sai.c 0x00000000   Number         0  stm32f4xx_sai.o ABSOLUTE
    ..\\..\\Libraries\\STM32F4xx_StdPeriph_Driver\\src\\stm32f4xx_sdio.c 0x00000000   Number         0  stm32f4xx_sdio.o ABSOLUTE
    ..\\..\\Libraries\\STM32F4xx_StdPeriph_Driver\\src\\stm32f4xx_spdifrx.c 0x00000000   Number         0  stm32f4xx_spdifrx.o ABSOLUTE
    ..\\..\\Libraries\\STM32F4xx_StdPeriph_Driver\\src\\stm32f4xx_spi.c 0x00000000   Number         0  stm32f4xx_spi.o ABSOLUTE
    ..\\..\\Libraries\\STM32F4xx_StdPeriph_Driver\\src\\stm32f4xx_syscfg.c 0x00000000   Number         0  stm32f4xx_syscfg.o ABSOLUTE
    ..\\..\\Libraries\\STM32F4xx_StdPeriph_Driver\\src\\stm32f4xx_tim.c 0x00000000   Number         0  stm32f4xx_tim.o ABSOLUTE
    ..\\..\\Libraries\\STM32F4xx_StdPeriph_Driver\\src\\stm32f4xx_usart.c 0x00000000   Number         0  stm32f4xx_usart.o ABSOLUTE
    ..\\..\\Libraries\\STM32F4xx_StdPeriph_Driver\\src\\stm32f4xx_wwdg.c 0x00000000   Number         0  stm32f4xx_wwdg.o ABSOLUTE
    ..\\..\\User\\ADC\\ADC.c                 0x00000000   Number         0  adc.o ABSOLUTE
    ..\\..\\User\\Beep\\beep.c               0x00000000   Number         0  beep.o ABSOLUTE
    ..\\..\\User\\CRC\\CRC.c                 0x00000000   Number         0  crc.o ABSOLUTE
    ..\\..\\User\\Control\\Control.c         0x00000000   Number         0  control.o ABSOLUTE
    ..\\..\\User\\Data_type\\Data_type.c     0x00000000   Number         0  data_type.o ABSOLUTE
    ..\\..\\User\\FullAuto\\FullAuto.c       0x00000000   Number         0  fullauto.o ABSOLUTE
    ..\\..\\User\\HalfAuto\\HalfAuto.c       0x00000000   Number         0  halfauto.o ABSOLUTE
    ..\\..\\User\\LCFunc\\LCFunc.c           0x00000000   Number         0  lcfunc.o ABSOLUTE
    ..\\..\\User\\Manual\\Manual.c           0x00000000   Number         0  manual.o ABSOLUTE
    ..\\..\\User\\RS485\\RS485.c             0x00000000   Number         0  rs485.o ABSOLUTE
    ..\\..\\User\\UART4\\uart4.c             0x00000000   Number         0  uart4.o ABSOLUTE
    ..\\..\\User\\USART1\\usart1.c           0x00000000   Number         0  usart1.o ABSOLUTE
    ..\\..\\User\\USART2\\usart2.c           0x00000000   Number         0  usart2.o ABSOLUTE
    ..\\..\\User\\USART3\\usart3.c           0x00000000   Number         0  usart3.o ABSOLUTE
    ..\\..\\User\\USART6\\usart6.c           0x00000000   Number         0  usart6.o ABSOLUTE
    ..\\..\\User\\alarm\\alarm.c             0x00000000   Number         0  alarm.o ABSOLUTE
    ..\\..\\User\\basic_tim\\bsp_basic_tim.c 0x00000000   Number         0  bsp_basic_tim.o ABSOLUTE
    ..\\..\\User\\exti\\exti.c               0x00000000   Number         0  exti.o ABSOLUTE
    ..\\..\\User\\key\\bsp_key.c             0x00000000   Number         0  bsp_key.o ABSOLUTE
    ..\\..\\User\\led\\bsp_led.c             0x00000000   Number         0  bsp_led.o ABSOLUTE
    ..\\..\\User\\main.c                     0x00000000   Number         0  main.o ABSOLUTE
    ..\\..\\User\\relay\\relay.c             0x00000000   Number         0  relay.o ABSOLUTE
    ..\\..\\User\\stm32f4xx_it.c             0x00000000   Number         0  stm32f4xx_it.o ABSOLUTE
    ..\\..\\User\\systick\\bsp_SysTick.c     0x00000000   Number         0  bsp_systick.o ABSOLUTE
    dc.s                                     0x00000000   Number         0  dc.o ABSOLUTE
    handlers.s                               0x00000000   Number         0  handlers.o ABSOLUTE
    init.s                                   0x00000000   Number         0  init.o ABSOLUTE
    RESET                                    0x08000000   Section      392  startup_stm32f40xx.o(RESET)
    .ARM.Collect$$$$00000000                 0x08000188   Section        0  entry.o(.ARM.Collect$$$$00000000)
    .ARM.Collect$$$$00000001                 0x08000188   Section        4  entry2.o(.ARM.Collect$$$$00000001)
    .ARM.Collect$$$$00000004                 0x0800018c   Section        4  entry5.o(.ARM.Collect$$$$00000004)
    .ARM.Collect$$$$00000008                 0x08000190   Section        0  entry7b.o(.ARM.Collect$$$$00000008)
    .ARM.Collect$$$$0000000A                 0x08000190   Section        0  entry8b.o(.ARM.Collect$$$$0000000A)
    .ARM.Collect$$$$0000000B                 0x08000190   Section        8  entry9a.o(.ARM.Collect$$$$0000000B)
    .ARM.Collect$$$$0000000D                 0x08000198   Section        0  entry10a.o(.ARM.Collect$$$$0000000D)
    .ARM.Collect$$$$0000000F                 0x08000198   Section        0  entry11a.o(.ARM.Collect$$$$0000000F)
    .ARM.Collect$$$$00002712                 0x08000198   Section        4  entry2.o(.ARM.Collect$$$$00002712)
    __lit__00000000                          0x08000198   Data           4  entry2.o(.ARM.Collect$$$$00002712)
    .text                                    0x0800019c   Section       36  startup_stm32f40xx.o(.text)
    $v0                                      0x0800019c   Number         0  startup_stm32f40xx.o(.text)
    .text                                    0x080001c0   Section        0  dmul.o(.text)
    .text                                    0x080002a4   Section        0  ddiv.o(.text)
    .text                                    0x08000382   Section        0  dflti.o(.text)
    .text                                    0x080003a4   Section        0  d2f.o(.text)
    .text                                    0x080003dc   Section        0  fepilogue.o(.text)
    .text                                    0x080003dc   Section        0  iusefp.o(.text)
    .text                                    0x0800044a   Section        0  depilogue.o(.text)
    .text                                    0x08000504   Section       36  init.o(.text)
    .text                                    0x08000528   Section        0  llshl.o(.text)
    .text                                    0x08000546   Section        0  llushr.o(.text)
    .text                                    0x08000566   Section        0  __dczerorl2.o(.text)
    i.ADC_Cmd                                0x080005bc   Section        0  stm32f4xx_adc.o(i.ADC_Cmd)
    i.ADC_CommonInit                         0x080005d4   Section        0  stm32f4xx_adc.o(i.ADC_CommonInit)
    i.ADC_DMACmd                             0x08000604   Section        0  stm32f4xx_adc.o(i.ADC_DMACmd)
    i.ADC_DMARequestAfterLastTransferCmd     0x0800061a   Section        0  stm32f4xx_adc.o(i.ADC_DMARequestAfterLastTransferCmd)
    i.ADC_DMA_Init                           0x08000630   Section        0  adc.o(i.ADC_DMA_Init)
    i.ADC_Init                               0x080006e4   Section        0  stm32f4xx_adc.o(i.ADC_Init)
    i.ADC_RegularChannelConfig               0x08000738   Section        0  stm32f4xx_adc.o(i.ADC_RegularChannelConfig)
    i.ADC_SoftwareStartConv                  0x080007f0   Section        0  stm32f4xx_adc.o(i.ADC_SoftwareStartConv)
    i.Alarm_GPIO_Init                        0x080007fc   Section        0  alarm.o(i.Alarm_GPIO_Init)
    i.BSP_Init                               0x08000830   Section        0  main.o(i.BSP_Init)
    i.BackToOriginState                      0x08000870   Section        0  fullauto.o(i.BackToOriginState)
    i.BusFault_Handler                       0x08000910   Section        0  stm32f4xx_it.o(i.BusFault_Handler)
    i.CRC16                                  0x08000914   Section        0  crc.o(i.CRC16)
    i.ClosePaw                               0x0800094c   Section        0  lcfunc.o(i.ClosePaw)
    i.ConfirmNextStep                        0x080009a4   Section        0  halfauto.o(i.ConfirmNextStep)
    ConfirmNextStep                          0x080009a5   Thumb Code     6  halfauto.o(i.ConfirmNextStep)
    i.DMA_ADC_Init                           0x080009b0   Section        0  adc.o(i.DMA_ADC_Init)
    i.DMA_Cmd                                0x08000a20   Section        0  stm32f4xx_dma.o(i.DMA_Cmd)
    i.DMA_DeInit                             0x08000a38   Section        0  stm32f4xx_dma.o(i.DMA_DeInit)
    i.DMA_GetCmdStatus                       0x08000b90   Section        0  stm32f4xx_dma.o(i.DMA_GetCmdStatus)
    i.DMA_GetCurrDataCounter                 0x08000ba4   Section        0  stm32f4xx_dma.o(i.DMA_GetCurrDataCounter)
    i.DMA_ITConfig                           0x08000bac   Section        0  stm32f4xx_dma.o(i.DMA_ITConfig)
    i.DMA_Init                               0x08000be8   Section        0  stm32f4xx_dma.o(i.DMA_Init)
    i.DMA_SetCurrDataCounter                 0x08000c40   Section        0  stm32f4xx_dma.o(i.DMA_SetCurrDataCounter)
    i.DataCommunicateManage                  0x08000c44   Section        0  lcfunc.o(i.DataCommunicateManage)
    i.DebugMon_Handler                       0x08000cd0   Section        0  stm32f4xx_it.o(i.DebugMon_Handler)
    i.DownPawToLitterPool                    0x08000cd4   Section        0  lcfunc.o(i.DownPawToLitterPool)
    i.DowntoLitterPool                       0x08000ee8   Section        0  fullauto.o(i.DowntoLitterPool)
    i.EXTI10_Init                            0x08000f1c   Section        0  exti.o(i.EXTI10_Init)
    i.EXTI15_10_IRQHandler                   0x08000f94   Section        0  exti.o(i.EXTI15_10_IRQHandler)
    i.EXTI_ClearITPendingBit                 0x08000fac   Section        0  stm32f4xx_exti.o(i.EXTI_ClearITPendingBit)
    i.EXTI_GetITStatus                       0x08000fb8   Section        0  stm32f4xx_exti.o(i.EXTI_GetITStatus)
    i.EXTI_Init                              0x08000fd0   Section        0  stm32f4xx_exti.o(i.EXTI_Init)
    i.GPIO_Init                              0x08001064   Section        0  stm32f4xx_gpio.o(i.GPIO_Init)
    i.GPIO_PinAFConfig                       0x080010f4   Section        0  stm32f4xx_gpio.o(i.GPIO_PinAFConfig)
    i.GPIO_ResetBits                         0x0800113a   Section        0  stm32f4xx_gpio.o(i.GPIO_ResetBits)
    i.GPIO_SetBits                           0x0800113e   Section        0  stm32f4xx_gpio.o(i.GPIO_SetBits)
    i.HFClosePaw                             0x08001142   Section        0  fullauto.o(i.HFClosePaw)
    i.HFOpenPaw                              0x0800114a   Section        0  fullauto.o(i.HFOpenPaw)
    i.HardFault_Handler                      0x08001152   Section        0  stm32f4xx_it.o(i.HardFault_Handler)
    i.HorizontalDotMove                      0x08001158   Section        0  lcfunc.o(i.HorizontalDotMove)
    i.HorizontalMoving                       0x0800128c   Section        0  fullauto.o(i.HorizontalMoving)
    i.Key_Init                               0x080012d4   Section        0  bsp_key.o(i.Key_Init)
    i.LED_Init                               0x08001304   Section        0  bsp_led.o(i.LED_Init)
    i.ManualClose                            0x08001338   Section        0  manual.o(i.ManualClose)
    i.ManualOpen                             0x080013a0   Section        0  manual.o(i.ManualOpen)
    i.ManualXMoving                          0x08001408   Section        0  manual.o(i.ManualXMoving)
    i.ManualYMoving                          0x080014c4   Section        0  manual.o(i.ManualYMoving)
    i.MemManage_Handler                      0x08001580   Section        0  stm32f4xx_it.o(i.MemManage_Handler)
    i.NMI_Handler                            0x08001584   Section        0  stm32f4xx_it.o(i.NMI_Handler)
    i.NVIC_Init                              0x08001588   Section        0  misc.o(i.NVIC_Init)
    i.PendSV_Handler                         0x08001600   Section        0  stm32f4xx_it.o(i.PendSV_Handler)
    i.PowerOff                               0x08001604   Section        0  relay.o(i.PowerOff)
    i.PowerOn                                0x0800162c   Section        0  relay.o(i.PowerOn)
    i.RCC_AHB1PeriphClockCmd                 0x08001654   Section        0  stm32f4xx_rcc.o(i.RCC_AHB1PeriphClockCmd)
    i.RCC_APB1PeriphClockCmd                 0x08001674   Section        0  stm32f4xx_rcc.o(i.RCC_APB1PeriphClockCmd)
    i.RCC_APB2PeriphClockCmd                 0x08001694   Section        0  stm32f4xx_rcc.o(i.RCC_APB2PeriphClockCmd)
    i.RCC_APB2PeriphResetCmd                 0x080016b4   Section        0  stm32f4xx_rcc.o(i.RCC_APB2PeriphResetCmd)
    i.RCC_GetClocksFreq                      0x080016d4   Section        0  stm32f4xx_rcc.o(i.RCC_GetClocksFreq)
    i.RS485_Init                             0x080017bc   Section        0  rs485.o(i.RS485_Init)
    i.RS485_Send_Data                        0x08001808   Section        0  rs485.o(i.RS485_Send_Data)
    i.RelayOff                               0x0800195c   Section        0  relay.o(i.RelayOff)
    i.RelayOn                                0x08001998   Section        0  relay.o(i.RelayOn)
    i.Relay_GPIO_Init                        0x080019d4   Section        0  relay.o(i.Relay_GPIO_Init)
    i.ReleasePaw                             0x08001a58   Section        0  lcfunc.o(i.ReleasePaw)
    i.RequestStart                           0x08001ab0   Section        0  lcfunc.o(i.RequestStart)
    i.RequestStartToSmallCar                 0x08001ad0   Section        0  usart1.o(i.RequestStartToSmallCar)
    i.RequestStartToSmallClaw                0x08001af4   Section        0  usart2.o(i.RequestStartToSmallClaw)
    i.RequestStop                            0x08001b18   Section        0  lcfunc.o(i.RequestStop)
    i.RequestStopToSmallCar                  0x08001b38   Section        0  usart1.o(i.RequestStopToSmallCar)
    i.RequestStopToSmallClaw                 0x08001b5c   Section        0  usart2.o(i.RequestStopToSmallClaw)
    i.RevStop                                0x08001b80   Section        0  lcfunc.o(i.RevStop)
    i.RisePawFromLitterPool                  0x08001ca4   Section        0  fullauto.o(i.RisePawFromLitterPool)
    i.SVC_Handler                            0x08001cd0   Section        0  stm32f4xx_it.o(i.SVC_Handler)
    i.SYSCFG_EXTILineConfig                  0x08001cd4   Section        0  stm32f4xx_syscfg.o(i.SYSCFG_EXTILineConfig)
    i.SetSysClock                            0x08001d14   Section        0  system_stm32f4xx.o(i.SetSysClock)
    SetSysClock                              0x08001d15   Thumb Code   220  system_stm32f4xx.o(i.SetSysClock)
    i.SmallCarFullAutoMode                   0x08001e00   Section        0  fullauto.o(i.SmallCarFullAutoMode)
    i.SmallCarHalfAutoMode                   0x0800211c   Section        0  halfauto.o(i.SmallCarHalfAutoMode)
    i.SysTick_Handler                        0x08002738   Section        0  stm32f4xx_it.o(i.SysTick_Handler)
    i.SysTick_Init                           0x08002740   Section        0  bsp_systick.o(i.SysTick_Init)
    i.SystemInit                             0x080027a8   Section        0  system_stm32f4xx.o(i.SystemInit)
    i.TIM7_IRQHandler                        0x08002810   Section        0  bsp_basic_tim.o(i.TIM7_IRQHandler)
    i.TIM7_Init                              0x08002830   Section        0  bsp_basic_tim.o(i.TIM7_Init)
    i.TIM_ClearITPendingBit                  0x08002890   Section        0  stm32f4xx_tim.o(i.TIM_ClearITPendingBit)
    i.TIM_Cmd                                0x08002896   Section        0  stm32f4xx_tim.o(i.TIM_Cmd)
    i.TIM_GetITStatus                        0x080028ae   Section        0  stm32f4xx_tim.o(i.TIM_GetITStatus)
    i.TIM_ITConfig                           0x080028d0   Section        0  stm32f4xx_tim.o(i.TIM_ITConfig)
    i.TIM_TimeBaseInit                       0x080028e4   Section        0  stm32f4xx_tim.o(i.TIM_TimeBaseInit)
    i.TimingDelay_Decrement                  0x08002968   Section        0  bsp_systick.o(i.TimingDelay_Decrement)
    i.UART4_IRQHandler                       0x08002980   Section        0  uart4.o(i.UART4_IRQHandler)
    i.UART4_RX_DMAReset                      0x080029e0   Section        0  uart4.o(i.UART4_RX_DMAReset)
    UART4_RX_DMAReset                        0x080029e1   Thumb Code    40  uart4.o(i.UART4_RX_DMAReset)
    i.USART1_DMA_TxConfig                    0x08002a0c   Section        0  usart1.o(i.USART1_DMA_TxConfig)
    i.USART1_IRQHandler                      0x08002a38   Section        0  usart1.o(i.USART1_IRQHandler)
    i.USART1_Init                            0x08002ba0   Section        0  usart1.o(i.USART1_Init)
    i.USART2_DMA_TxConfig                    0x08002bac   Section        0  usart2.o(i.USART2_DMA_TxConfig)
    i.USART2_IRQHandler                      0x08002bdc   Section        0  usart2.o(i.USART2_IRQHandler)
    i.USART2_Init                            0x08002e70   Section        0  usart2.o(i.USART2_Init)
    i.USART3_DMA_TxConfig                    0x08002e7c   Section        0  usart3.o(i.USART3_DMA_TxConfig)
    i.USART3_IRQHandler                      0x08002eac   Section        0  usart3.o(i.USART3_IRQHandler)
    i.USART3_Init                            0x080030d4   Section        0  usart3.o(i.USART3_Init)
    i.USART6_IRQHandler                      0x080030e0   Section        0  usart6.o(i.USART6_IRQHandler)
    i.USART_ClearFlag                        0x08003148   Section        0  stm32f4xx_usart.o(i.USART_ClearFlag)
    i.USART_ClearITPendingBit                0x0800315a   Section        0  stm32f4xx_usart.o(i.USART_ClearITPendingBit)
    i.USART_Cmd                              0x08003178   Section        0  stm32f4xx_usart.o(i.USART_Cmd)
    i.USART_DMACmd                           0x08003190   Section        0  stm32f4xx_usart.o(i.USART_DMACmd)
    i.USART_DMA_RxConfig                     0x080031a4   Section        0  usart1.o(i.USART_DMA_RxConfig)
    USART_DMA_RxConfig                       0x080031a5   Thumb Code   108  usart1.o(i.USART_DMA_RxConfig)
    i.USART_DMA_RxConfig                     0x0800321c   Section        0  usart2.o(i.USART_DMA_RxConfig)
    USART_DMA_RxConfig                       0x0800321d   Thumb Code   110  usart2.o(i.USART_DMA_RxConfig)
    i.USART_DMA_RxConfig                     0x08003298   Section        0  usart3.o(i.USART_DMA_RxConfig)
    USART_DMA_RxConfig                       0x08003299   Thumb Code   108  usart3.o(i.USART_DMA_RxConfig)
    i.USART_DMA_Tx_init                      0x08003310   Section        0  usart1.o(i.USART_DMA_Tx_init)
    USART_DMA_Tx_init                        0x08003311   Thumb Code    92  usart1.o(i.USART_DMA_Tx_init)
    i.USART_DMA_Tx_init                      0x08003374   Section        0  usart2.o(i.USART_DMA_Tx_init)
    USART_DMA_Tx_init                        0x08003375   Thumb Code    92  usart2.o(i.USART_DMA_Tx_init)
    i.USART_DMA_Tx_init                      0x080033d8   Section        0  usart3.o(i.USART_DMA_Tx_init)
    USART_DMA_Tx_init                        0x080033d9   Thumb Code   118  usart3.o(i.USART_DMA_Tx_init)
    i.USART_GetITStatus                      0x08003458   Section        0  stm32f4xx_usart.o(i.USART_GetITStatus)
    i.USART_ITConfig                         0x080034ac   Section        0  stm32f4xx_usart.o(i.USART_ITConfig)
    i.USART_Init                             0x080034f8   Section        0  stm32f4xx_usart.o(i.USART_Init)
    i.USART_RX_DMAReset                      0x080035cc   Section        0  usart1.o(i.USART_RX_DMAReset)
    USART_RX_DMAReset                        0x080035cd   Thumb Code    40  usart1.o(i.USART_RX_DMAReset)
    i.USART_RX_DMAReset                      0x080035f8   Section        0  usart2.o(i.USART_RX_DMAReset)
    USART_RX_DMAReset                        0x080035f9   Thumb Code    42  usart2.o(i.USART_RX_DMAReset)
    i.USART_RX_DMAReset                      0x08003628   Section        0  usart3.o(i.USART_RX_DMAReset)
    USART_RX_DMAReset                        0x08003629   Thumb Code    40  usart3.o(i.USART_RX_DMAReset)
    i.USART_RX_DMAReset                      0x08003654   Section        0  usart6.o(i.USART_RX_DMAReset)
    USART_RX_DMAReset                        0x08003655   Thumb Code    40  usart6.o(i.USART_RX_DMAReset)
    i.USART_ReceiveData                      0x08003680   Section        0  stm32f4xx_usart.o(i.USART_ReceiveData)
    i.UpPawFromLitterPool                    0x0800368c   Section        0  lcfunc.o(i.UpPawFromLitterPool)
    i.UsageFault_Handler                     0x080037fc   Section        0  stm32f4xx_it.o(i.UsageFault_Handler)
    i.VerticalDotMove                        0x08003800   Section        0  lcfunc.o(i.VerticalDotMove)
    i.XMoving                                0x08003898   Section        0  lcfunc.o(i.XMoving)
    i.YMoving                                0x08003ab8   Section        0  lcfunc.o(i.YMoving)
    i.__scatterload_copy                     0x08003c7c   Section       14  handlers.o(i.__scatterload_copy)
    i.__scatterload_null                     0x08003c8a   Section        2  handlers.o(i.__scatterload_null)
    i.__scatterload_zeroinit                 0x08003c8c   Section       14  handlers.o(i.__scatterload_zeroinit)
    i.bsp_initUSART                          0x08003c9c   Section        0  usart1.o(i.bsp_initUSART)
    bsp_initUSART                            0x08003c9d   Thumb Code   246  usart1.o(i.bsp_initUSART)
    i.bsp_initUSART                          0x08003da0   Section        0  usart2.o(i.bsp_initUSART)
    bsp_initUSART                            0x08003da1   Thumb Code   216  usart2.o(i.bsp_initUSART)
    i.bsp_initUSART                          0x08003e84   Section        0  usart3.o(i.bsp_initUSART)
    bsp_initUSART                            0x08003e85   Thumb Code   246  usart3.o(i.bsp_initUSART)
    i.control_task                           0x08003f88   Section        0  control.o(i.control_task)
    i.delay_us                               0x080040f4   Section        0  bsp_systick.o(i.delay_us)
    i.main                                   0x0800410c   Section        0  main.o(i.main)
    i.uart1_tx_task                          0x08004230   Section        0  usart1.o(i.uart1_tx_task)
    i.uart2_tx_task                          0x0800424e   Section        0  usart2.o(i.uart2_tx_task)
    .data                                    0x20000000   Section       20  system_stm32f4xx.o(.data)
    .data                                    0x20000014   Section       16  stm32f4xx_rcc.o(.data)
    APBAHBPrescTable                         0x20000014   Data          16  stm32f4xx_rcc.o(.data)
    .data                                    0x20000024   Section        3  main.o(.data)
    .data                                    0x20000028   Section        4  bsp_systick.o(.data)
    TimingDelay                              0x20000028   Data           4  bsp_systick.o(.data)
    .data                                    0x2000002c   Section        8  usart1.o(.data)
    .data                                    0x20000034   Section        4  usart2.o(.data)
    .data                                    0x20000038   Section        1  usart6.o(.data)
    .data                                    0x2000003a   Section        2  adc.o(.data)
    .data                                    0x2000003c   Section       12  data_type.o(.data)
    .data                                    0x20000048   Section        2  relay.o(.data)
    .data                                    0x2000004a   Section      512  crc.o(.data)
    .data                                    0x20000250   Section       83  lcfunc.o(.data)
    same_dis_count                           0x2000029f   Data           1  lcfunc.o(.data)
    same_dis_count                           0x200002a0   Data           1  lcfunc.o(.data)
    same_dis_count                           0x200002a1   Data           1  lcfunc.o(.data)
    same_dis_count                           0x200002a2   Data           1  lcfunc.o(.data)
    .data                                    0x200002a3   Section        1  manual.o(.data)
    .data                                    0x200002a4   Section        1  fullauto.o(.data)
    .data                                    0x200002a5   Section        3  halfauto.o(.data)
    .bss                                     0x200002a8   Section       48  main.o(.bss)
    .bss                                     0x200002d8   Section      129  usart1.o(.bss)
    Send_DATA                                0x2000033c   Data          29  usart1.o(.bss)
    .bss                                     0x20000359   Section     1021  usart2.o(.bss)
    Send_DATA                                0x20000741   Data          21  usart2.o(.bss)
    .bss                                     0x20000756   Section      100  usart3.o(.bss)
    .bss                                     0x200007bc   Section       80  data_type.o(.bss)
    .bss                                     0x2000080c   Section       14  control.o(.bss)
    STACK                                    0x20000820   Section     1024  startup_stm32f40xx.o(STACK)

    Global Symbols

    Symbol Name                              Value     Ov Type        Size  Object(Section)

    BuildAttributes$$THM_ISAv4$E$P$D$K$B$S$7EM$VFPi3$EXTD16$VFPS$VFMA$PE$A:L22UL41UL21$X:L11$S22US41US21$IEEE1$IW$USESV6$~STKCKD$USESV7$~SHL$OTIME$ROPI$EBA8$MICROLIB$REQ8$PRES8$EABIv2 0x00000000   Number         0  anon$$obj.o ABSOLUTE
    __ARM_use_no_argv                        0x00000000   Number         0  main.o ABSOLUTE
    __cpp_initialize__aeabi_                  - Undefined Weak Reference
    __cxa_finalize                            - Undefined Weak Reference
    _clock_init                               - Undefined Weak Reference
    _microlib_exit                            - Undefined Weak Reference
    __Vectors_Size                           0x00000188   Number         0  startup_stm32f40xx.o ABSOLUTE
    __Vectors                                0x08000000   Data           4  startup_stm32f40xx.o(RESET)
    __Vectors_End                            0x08000188   Data           0  startup_stm32f40xx.o(RESET)
    __main                                   0x08000189   Thumb Code     0  entry.o(.ARM.Collect$$$$00000000)
    _main_stk                                0x08000189   Thumb Code     0  entry2.o(.ARM.Collect$$$$00000001)
    _main_scatterload                        0x0800018d   Thumb Code     0  entry5.o(.ARM.Collect$$$$00000004)
    __main_after_scatterload                 0x08000191   Thumb Code     0  entry5.o(.ARM.Collect$$$$00000004)
    _main_clock                              0x08000191   Thumb Code     0  entry7b.o(.ARM.Collect$$$$00000008)
    _main_cpp_init                           0x08000191   Thumb Code     0  entry8b.o(.ARM.Collect$$$$0000000A)
    _main_init                               0x08000191   Thumb Code     0  entry9a.o(.ARM.Collect$$$$0000000B)
    __rt_final_cpp                           0x08000199   Thumb Code     0  entry10a.o(.ARM.Collect$$$$0000000D)
    __rt_final_exit                          0x08000199   Thumb Code     0  entry11a.o(.ARM.Collect$$$$0000000F)
    Reset_Handler                            0x0800019d   Thumb Code     8  startup_stm32f40xx.o(.text)
    ADC_IRQHandler                           0x080001b7   Thumb Code     0  startup_stm32f40xx.o(.text)
    CAN1_RX0_IRQHandler                      0x080001b7   Thumb Code     0  startup_stm32f40xx.o(.text)
    CAN1_RX1_IRQHandler                      0x080001b7   Thumb Code     0  startup_stm32f40xx.o(.text)
    CAN1_SCE_IRQHandler                      0x080001b7   Thumb Code     0  startup_stm32f40xx.o(.text)
    CAN1_TX_IRQHandler                       0x080001b7   Thumb Code     0  startup_stm32f40xx.o(.text)
    CAN2_RX0_IRQHandler                      0x080001b7   Thumb Code     0  startup_stm32f40xx.o(.text)
    CAN2_RX1_IRQHandler                      0x080001b7   Thumb Code     0  startup_stm32f40xx.o(.text)
    CAN2_SCE_IRQHandler                      0x080001b7   Thumb Code     0  startup_stm32f40xx.o(.text)
    CAN2_TX_IRQHandler                       0x080001b7   Thumb Code     0  startup_stm32f40xx.o(.text)
    CRYP_IRQHandler                          0x080001b7   Thumb Code     0  startup_stm32f40xx.o(.text)
    DCMI_IRQHandler                          0x080001b7   Thumb Code     0  startup_stm32f40xx.o(.text)
    DMA1_Stream0_IRQHandler                  0x080001b7   Thumb Code     0  startup_stm32f40xx.o(.text)
    DMA1_Stream1_IRQHandler                  0x080001b7   Thumb Code     0  startup_stm32f40xx.o(.text)
    DMA1_Stream2_IRQHandler                  0x080001b7   Thumb Code     0  startup_stm32f40xx.o(.text)
    DMA1_Stream3_IRQHandler                  0x080001b7   Thumb Code     0  startup_stm32f40xx.o(.text)
    DMA1_Stream4_IRQHandler                  0x080001b7   Thumb Code     0  startup_stm32f40xx.o(.text)
    DMA1_Stream5_IRQHandler                  0x080001b7   Thumb Code     0  startup_stm32f40xx.o(.text)
    DMA1_Stream6_IRQHandler                  0x080001b7   Thumb Code     0  startup_stm32f40xx.o(.text)
    DMA1_Stream7_IRQHandler                  0x080001b7   Thumb Code     0  startup_stm32f40xx.o(.text)
    DMA2_Stream0_IRQHandler                  0x080001b7   Thumb Code     0  startup_stm32f40xx.o(.text)
    DMA2_Stream1_IRQHandler                  0x080001b7   Thumb Code     0  startup_stm32f40xx.o(.text)
    DMA2_Stream2_IRQHandler                  0x080001b7   Thumb Code     0  startup_stm32f40xx.o(.text)
    DMA2_Stream3_IRQHandler                  0x080001b7   Thumb Code     0  startup_stm32f40xx.o(.text)
    DMA2_Stream4_IRQHandler                  0x080001b7   Thumb Code     0  startup_stm32f40xx.o(.text)
    DMA2_Stream5_IRQHandler                  0x080001b7   Thumb Code     0  startup_stm32f40xx.o(.text)
    DMA2_Stream6_IRQHandler                  0x080001b7   Thumb Code     0  startup_stm32f40xx.o(.text)
    DMA2_Stream7_IRQHandler                  0x080001b7   Thumb Code     0  startup_stm32f40xx.o(.text)
    ETH_IRQHandler                           0x080001b7   Thumb Code     0  startup_stm32f40xx.o(.text)
    ETH_WKUP_IRQHandler                      0x080001b7   Thumb Code     0  startup_stm32f40xx.o(.text)
    EXTI0_IRQHandler                         0x080001b7   Thumb Code     0  startup_stm32f40xx.o(.text)
    EXTI1_IRQHandler                         0x080001b7   Thumb Code     0  startup_stm32f40xx.o(.text)
    EXTI2_IRQHandler                         0x080001b7   Thumb Code     0  startup_stm32f40xx.o(.text)
    EXTI3_IRQHandler                         0x080001b7   Thumb Code     0  startup_stm32f40xx.o(.text)
    EXTI4_IRQHandler                         0x080001b7   Thumb Code     0  startup_stm32f40xx.o(.text)
    EXTI9_5_IRQHandler                       0x080001b7   Thumb Code     0  startup_stm32f40xx.o(.text)
    FLASH_IRQHandler                         0x080001b7   Thumb Code     0  startup_stm32f40xx.o(.text)
    FPU_IRQHandler                           0x080001b7   Thumb Code     0  startup_stm32f40xx.o(.text)
    FSMC_IRQHandler                          0x080001b7   Thumb Code     0  startup_stm32f40xx.o(.text)
    HASH_RNG_IRQHandler                      0x080001b7   Thumb Code     0  startup_stm32f40xx.o(.text)
    I2C1_ER_IRQHandler                       0x080001b7   Thumb Code     0  startup_stm32f40xx.o(.text)
    I2C1_EV_IRQHandler                       0x080001b7   Thumb Code     0  startup_stm32f40xx.o(.text)
    I2C2_ER_IRQHandler                       0x080001b7   Thumb Code     0  startup_stm32f40xx.o(.text)
    I2C2_EV_IRQHandler                       0x080001b7   Thumb Code     0  startup_stm32f40xx.o(.text)
    I2C3_ER_IRQHandler                       0x080001b7   Thumb Code     0  startup_stm32f40xx.o(.text)
    I2C3_EV_IRQHandler                       0x080001b7   Thumb Code     0  startup_stm32f40xx.o(.text)
    OTG_FS_IRQHandler                        0x080001b7   Thumb Code     0  startup_stm32f40xx.o(.text)
    OTG_FS_WKUP_IRQHandler                   0x080001b7   Thumb Code     0  startup_stm32f40xx.o(.text)
    OTG_HS_EP1_IN_IRQHandler                 0x080001b7   Thumb Code     0  startup_stm32f40xx.o(.text)
    OTG_HS_EP1_OUT_IRQHandler                0x080001b7   Thumb Code     0  startup_stm32f40xx.o(.text)
    OTG_HS_IRQHandler                        0x080001b7   Thumb Code     0  startup_stm32f40xx.o(.text)
    OTG_HS_WKUP_IRQHandler                   0x080001b7   Thumb Code     0  startup_stm32f40xx.o(.text)
    PVD_IRQHandler                           0x080001b7   Thumb Code     0  startup_stm32f40xx.o(.text)
    RCC_IRQHandler                           0x080001b7   Thumb Code     0  startup_stm32f40xx.o(.text)
    RTC_Alarm_IRQHandler                     0x080001b7   Thumb Code     0  startup_stm32f40xx.o(.text)
    RTC_WKUP_IRQHandler                      0x080001b7   Thumb Code     0  startup_stm32f40xx.o(.text)
    SDIO_IRQHandler                          0x080001b7   Thumb Code     0  startup_stm32f40xx.o(.text)
    SPI1_IRQHandler                          0x080001b7   Thumb Code     0  startup_stm32f40xx.o(.text)
    SPI2_IRQHandler                          0x080001b7   Thumb Code     0  startup_stm32f40xx.o(.text)
    SPI3_IRQHandler                          0x080001b7   Thumb Code     0  startup_stm32f40xx.o(.text)
    TAMP_STAMP_IRQHandler                    0x080001b7   Thumb Code     0  startup_stm32f40xx.o(.text)
    TIM1_BRK_TIM9_IRQHandler                 0x080001b7   Thumb Code     0  startup_stm32f40xx.o(.text)
    TIM1_CC_IRQHandler                       0x080001b7   Thumb Code     0  startup_stm32f40xx.o(.text)
    TIM1_TRG_COM_TIM11_IRQHandler            0x080001b7   Thumb Code     0  startup_stm32f40xx.o(.text)
    TIM1_UP_TIM10_IRQHandler                 0x080001b7   Thumb Code     0  startup_stm32f40xx.o(.text)
    TIM2_IRQHandler                          0x080001b7   Thumb Code     0  startup_stm32f40xx.o(.text)
    TIM3_IRQHandler                          0x080001b7   Thumb Code     0  startup_stm32f40xx.o(.text)
    TIM4_IRQHandler                          0x080001b7   Thumb Code     0  startup_stm32f40xx.o(.text)
    TIM5_IRQHandler                          0x080001b7   Thumb Code     0  startup_stm32f40xx.o(.text)
    TIM6_DAC_IRQHandler                      0x080001b7   Thumb Code     0  startup_stm32f40xx.o(.text)
    TIM8_BRK_TIM12_IRQHandler                0x080001b7   Thumb Code     0  startup_stm32f40xx.o(.text)
    TIM8_CC_IRQHandler                       0x080001b7   Thumb Code     0  startup_stm32f40xx.o(.text)
    TIM8_TRG_COM_TIM14_IRQHandler            0x080001b7   Thumb Code     0  startup_stm32f40xx.o(.text)
    TIM8_UP_TIM13_IRQHandler                 0x080001b7   Thumb Code     0  startup_stm32f40xx.o(.text)
    UART5_IRQHandler                         0x080001b7   Thumb Code     0  startup_stm32f40xx.o(.text)
    WWDG_IRQHandler                          0x080001b7   Thumb Code     0  startup_stm32f40xx.o(.text)
    __aeabi_dmul                             0x080001c1   Thumb Code   228  dmul.o(.text)
    __aeabi_ddiv                             0x080002a5   Thumb Code   222  ddiv.o(.text)
    __aeabi_i2d                              0x08000383   Thumb Code    34  dflti.o(.text)
    __aeabi_d2f                              0x080003a5   Thumb Code    56  d2f.o(.text)
    __I$use$fp                               0x080003dd   Thumb Code     0  iusefp.o(.text)
    _float_round                             0x080003dd   Thumb Code    18  fepilogue.o(.text)
    _float_epilogue                          0x080003ef   Thumb Code    92  fepilogue.o(.text)
    _double_round                            0x0800044b   Thumb Code    30  depilogue.o(.text)
    _double_epilogue                         0x08000469   Thumb Code   156  depilogue.o(.text)
    __scatterload                            0x08000505   Thumb Code    28  init.o(.text)
    __scatterload_rt2                        0x08000505   Thumb Code     0  init.o(.text)
    __aeabi_llsl                             0x08000529   Thumb Code    30  llshl.o(.text)
    _ll_shift_l                              0x08000529   Thumb Code     0  llshl.o(.text)
    __aeabi_llsr                             0x08000547   Thumb Code    32  llushr.o(.text)
    _ll_ushift_r                             0x08000547   Thumb Code     0  llushr.o(.text)
    __decompress                             0x08000567   Thumb Code     0  __dczerorl2.o(.text)
    __decompress1                            0x08000567   Thumb Code    86  __dczerorl2.o(.text)
    ADC_Cmd                                  0x080005bd   Thumb Code    22  stm32f4xx_adc.o(i.ADC_Cmd)
    ADC_CommonInit                           0x080005d5   Thumb Code    34  stm32f4xx_adc.o(i.ADC_CommonInit)
    ADC_DMACmd                               0x08000605   Thumb Code    22  stm32f4xx_adc.o(i.ADC_DMACmd)
    ADC_DMARequestAfterLastTransferCmd       0x0800061b   Thumb Code    22  stm32f4xx_adc.o(i.ADC_DMARequestAfterLastTransferCmd)
    ADC_DMA_Init                             0x08000631   Thumb Code   172  adc.o(i.ADC_DMA_Init)
    ADC_Init                                 0x080006e5   Thumb Code    74  stm32f4xx_adc.o(i.ADC_Init)
    ADC_RegularChannelConfig                 0x08000739   Thumb Code   184  stm32f4xx_adc.o(i.ADC_RegularChannelConfig)
    ADC_SoftwareStartConv                    0x080007f1   Thumb Code    10  stm32f4xx_adc.o(i.ADC_SoftwareStartConv)
    Alarm_GPIO_Init                          0x080007fd   Thumb Code    48  alarm.o(i.Alarm_GPIO_Init)
    BSP_Init                                 0x08000831   Thumb Code    62  main.o(i.BSP_Init)
    BackToOriginState                        0x08000871   Thumb Code   116  fullauto.o(i.BackToOriginState)
    BusFault_Handler                         0x08000911   Thumb Code     4  stm32f4xx_it.o(i.BusFault_Handler)
    CRC16                                    0x08000915   Thumb Code    48  crc.o(i.CRC16)
    ClosePaw                                 0x0800094d   Thumb Code    70  lcfunc.o(i.ClosePaw)
    DMA_ADC_Init                             0x080009b1   Thumb Code    98  adc.o(i.DMA_ADC_Init)
    DMA_Cmd                                  0x08000a21   Thumb Code    22  stm32f4xx_dma.o(i.DMA_Cmd)
    DMA_DeInit                               0x08000a39   Thumb Code   324  stm32f4xx_dma.o(i.DMA_DeInit)
    DMA_GetCmdStatus                         0x08000b91   Thumb Code    20  stm32f4xx_dma.o(i.DMA_GetCmdStatus)
    DMA_GetCurrDataCounter                   0x08000ba5   Thumb Code     8  stm32f4xx_dma.o(i.DMA_GetCurrDataCounter)
    DMA_ITConfig                             0x08000bad   Thumb Code    58  stm32f4xx_dma.o(i.DMA_ITConfig)
    DMA_Init                                 0x08000be9   Thumb Code    82  stm32f4xx_dma.o(i.DMA_Init)
    DMA_SetCurrDataCounter                   0x08000c41   Thumb Code     4  stm32f4xx_dma.o(i.DMA_SetCurrDataCounter)
    DataCommunicateManage                    0x08000c45   Thumb Code   128  lcfunc.o(i.DataCommunicateManage)
    DebugMon_Handler                         0x08000cd1   Thumb Code     2  stm32f4xx_it.o(i.DebugMon_Handler)
    DownPawToLitterPool                      0x08000cd5   Thumb Code   478  lcfunc.o(i.DownPawToLitterPool)
    DowntoLitterPool                         0x08000ee9   Thumb Code    42  fullauto.o(i.DowntoLitterPool)
    EXTI10_Init                              0x08000f1d   Thumb Code   116  exti.o(i.EXTI10_Init)
    EXTI15_10_IRQHandler                     0x08000f95   Thumb Code    22  exti.o(i.EXTI15_10_IRQHandler)
    EXTI_ClearITPendingBit                   0x08000fad   Thumb Code     6  stm32f4xx_exti.o(i.EXTI_ClearITPendingBit)
    EXTI_GetITStatus                         0x08000fb9   Thumb Code    20  stm32f4xx_exti.o(i.EXTI_GetITStatus)
    EXTI_Init                                0x08000fd1   Thumb Code   142  stm32f4xx_exti.o(i.EXTI_Init)
    GPIO_Init                                0x08001065   Thumb Code   144  stm32f4xx_gpio.o(i.GPIO_Init)
    GPIO_PinAFConfig                         0x080010f5   Thumb Code    70  stm32f4xx_gpio.o(i.GPIO_PinAFConfig)
    GPIO_ResetBits                           0x0800113b   Thumb Code     4  stm32f4xx_gpio.o(i.GPIO_ResetBits)
    GPIO_SetBits                             0x0800113f   Thumb Code     4  stm32f4xx_gpio.o(i.GPIO_SetBits)
    HFClosePaw                               0x08001143   Thumb Code     8  fullauto.o(i.HFClosePaw)
    HFOpenPaw                                0x0800114b   Thumb Code     8  fullauto.o(i.HFOpenPaw)
    HardFault_Handler                        0x08001153   Thumb Code     4  stm32f4xx_it.o(i.HardFault_Handler)
    HorizontalDotMove                        0x08001159   Thumb Code   286  lcfunc.o(i.HorizontalDotMove)
    HorizontalMoving                         0x0800128d   Thumb Code    58  fullauto.o(i.HorizontalMoving)
    Key_Init                                 0x080012d5   Thumb Code    42  bsp_key.o(i.Key_Init)
    LED_Init                                 0x08001305   Thumb Code    46  bsp_led.o(i.LED_Init)
    ManualClose                              0x08001339   Thumb Code    82  manual.o(i.ManualClose)
    ManualOpen                               0x080013a1   Thumb Code    82  manual.o(i.ManualOpen)
    ManualXMoving                            0x08001409   Thumb Code   164  manual.o(i.ManualXMoving)
    ManualYMoving                            0x080014c5   Thumb Code   164  manual.o(i.ManualYMoving)
    MemManage_Handler                        0x08001581   Thumb Code     4  stm32f4xx_it.o(i.MemManage_Handler)
    NMI_Handler                              0x08001585   Thumb Code     2  stm32f4xx_it.o(i.NMI_Handler)
    NVIC_Init                                0x08001589   Thumb Code   106  misc.o(i.NVIC_Init)
    PendSV_Handler                           0x08001601   Thumb Code     2  stm32f4xx_it.o(i.PendSV_Handler)
    PowerOff                                 0x08001605   Thumb Code    34  relay.o(i.PowerOff)
    PowerOn                                  0x0800162d   Thumb Code    34  relay.o(i.PowerOn)
    RCC_AHB1PeriphClockCmd                   0x08001655   Thumb Code    26  stm32f4xx_rcc.o(i.RCC_AHB1PeriphClockCmd)
    RCC_APB1PeriphClockCmd                   0x08001675   Thumb Code    26  stm32f4xx_rcc.o(i.RCC_APB1PeriphClockCmd)
    RCC_APB2PeriphClockCmd                   0x08001695   Thumb Code    26  stm32f4xx_rcc.o(i.RCC_APB2PeriphClockCmd)
    RCC_APB2PeriphResetCmd                   0x080016b5   Thumb Code    26  stm32f4xx_rcc.o(i.RCC_APB2PeriphResetCmd)
    RCC_GetClocksFreq                        0x080016d5   Thumb Code   214  stm32f4xx_rcc.o(i.RCC_GetClocksFreq)
    RS485_Init                               0x080017bd   Thumb Code    72  rs485.o(i.RS485_Init)
    RS485_Send_Data                          0x08001809   Thumb Code   328  rs485.o(i.RS485_Send_Data)
    RelayOff                                 0x0800195d   Thumb Code    52  relay.o(i.RelayOff)
    RelayOn                                  0x08001999   Thumb Code    52  relay.o(i.RelayOn)
    Relay_GPIO_Init                          0x080019d5   Thumb Code   120  relay.o(i.Relay_GPIO_Init)
    ReleasePaw                               0x08001a59   Thumb Code    70  lcfunc.o(i.ReleasePaw)
    RequestStart                             0x08001ab1   Thumb Code    30  lcfunc.o(i.RequestStart)
    RequestStartToSmallCar                   0x08001ad1   Thumb Code    30  usart1.o(i.RequestStartToSmallCar)
    RequestStartToSmallClaw                  0x08001af5   Thumb Code    30  usart2.o(i.RequestStartToSmallClaw)
    RequestStop                              0x08001b19   Thumb Code    30  lcfunc.o(i.RequestStop)
    RequestStopToSmallCar                    0x08001b39   Thumb Code    30  usart1.o(i.RequestStopToSmallCar)
    RequestStopToSmallClaw                   0x08001b5d   Thumb Code    30  usart2.o(i.RequestStopToSmallClaw)
    RevStop                                  0x08001b81   Thumb Code   276  lcfunc.o(i.RevStop)
    RisePawFromLitterPool                    0x08001ca5   Thumb Code    30  fullauto.o(i.RisePawFromLitterPool)
    SVC_Handler                              0x08001cd1   Thumb Code     2  stm32f4xx_it.o(i.SVC_Handler)
    SYSCFG_EXTILineConfig                    0x08001cd5   Thumb Code    60  stm32f4xx_syscfg.o(i.SYSCFG_EXTILineConfig)
    SmallCarFullAutoMode                     0x08001e01   Thumb Code   726  fullauto.o(i.SmallCarFullAutoMode)
    SmallCarHalfAutoMode                     0x0800211d   Thumb Code  1502  halfauto.o(i.SmallCarHalfAutoMode)
    SysTick_Handler                          0x08002739   Thumb Code     8  stm32f4xx_it.o(i.SysTick_Handler)
    SysTick_Init                             0x08002741   Thumb Code    88  bsp_systick.o(i.SysTick_Init)
    SystemInit                               0x080027a9   Thumb Code    88  system_stm32f4xx.o(i.SystemInit)
    TIM7_IRQHandler                          0x08002811   Thumb Code    26  bsp_basic_tim.o(i.TIM7_IRQHandler)
    TIM7_Init                                0x08002831   Thumb Code    90  bsp_basic_tim.o(i.TIM7_Init)
    TIM_ClearITPendingBit                    0x08002891   Thumb Code     6  stm32f4xx_tim.o(i.TIM_ClearITPendingBit)
    TIM_Cmd                                  0x08002897   Thumb Code    24  stm32f4xx_tim.o(i.TIM_Cmd)
    TIM_GetITStatus                          0x080028af   Thumb Code    34  stm32f4xx_tim.o(i.TIM_GetITStatus)
    TIM_ITConfig                             0x080028d1   Thumb Code    18  stm32f4xx_tim.o(i.TIM_ITConfig)
    TIM_TimeBaseInit                         0x080028e5   Thumb Code   104  stm32f4xx_tim.o(i.TIM_TimeBaseInit)
    TimingDelay_Decrement                    0x08002969   Thumb Code    18  bsp_systick.o(i.TimingDelay_Decrement)
    UART4_IRQHandler                         0x08002981   Thumb Code    84  uart4.o(i.UART4_IRQHandler)
    USART1_DMA_TxConfig                      0x08002a0d   Thumb Code    40  usart1.o(i.USART1_DMA_TxConfig)
    USART1_IRQHandler                        0x08002a39   Thumb Code   314  usart1.o(i.USART1_IRQHandler)
    USART1_Init                              0x08002ba1   Thumb Code    12  usart1.o(i.USART1_Init)
    USART2_DMA_TxConfig                      0x08002bad   Thumb Code    42  usart2.o(i.USART2_DMA_TxConfig)
    USART2_IRQHandler                        0x08002bdd   Thumb Code   582  usart2.o(i.USART2_IRQHandler)
    USART2_Init                              0x08002e71   Thumb Code    12  usart2.o(i.USART2_Init)
    USART3_DMA_TxConfig                      0x08002e7d   Thumb Code    44  usart3.o(i.USART3_DMA_TxConfig)
    USART3_IRQHandler                        0x08002ead   Thumb Code   510  usart3.o(i.USART3_IRQHandler)
    USART3_Init                              0x080030d5   Thumb Code    12  usart3.o(i.USART3_Init)
    USART6_IRQHandler                        0x080030e1   Thumb Code    86  usart6.o(i.USART6_IRQHandler)
    USART_ClearFlag                          0x08003149   Thumb Code    18  stm32f4xx_usart.o(i.USART_ClearFlag)
    USART_ClearITPendingBit                  0x0800315b   Thumb Code    30  stm32f4xx_usart.o(i.USART_ClearITPendingBit)
    USART_Cmd                                0x08003179   Thumb Code    24  stm32f4xx_usart.o(i.USART_Cmd)
    USART_DMACmd                             0x08003191   Thumb Code    18  stm32f4xx_usart.o(i.USART_DMACmd)
    USART_GetITStatus                        0x08003459   Thumb Code    84  stm32f4xx_usart.o(i.USART_GetITStatus)
    USART_ITConfig                           0x080034ad   Thumb Code    74  stm32f4xx_usart.o(i.USART_ITConfig)
    USART_Init                               0x080034f9   Thumb Code   204  stm32f4xx_usart.o(i.USART_Init)
    USART_ReceiveData                        0x08003681   Thumb Code    10  stm32f4xx_usart.o(i.USART_ReceiveData)
    UpPawFromLitterPool                      0x0800368d   Thumb Code   314  lcfunc.o(i.UpPawFromLitterPool)
    UsageFault_Handler                       0x080037fd   Thumb Code     4  stm32f4xx_it.o(i.UsageFault_Handler)
    VerticalDotMove                          0x08003801   Thumb Code   140  lcfunc.o(i.VerticalDotMove)
    XMoving                                  0x08003899   Thumb Code   496  lcfunc.o(i.XMoving)
    YMoving                                  0x08003ab9   Thumb Code   406  lcfunc.o(i.YMoving)
    __scatterload_copy                       0x08003c7d   Thumb Code    14  handlers.o(i.__scatterload_copy)
    __scatterload_null                       0x08003c8b   Thumb Code     2  handlers.o(i.__scatterload_null)
    __scatterload_zeroinit                   0x08003c8d   Thumb Code    14  handlers.o(i.__scatterload_zeroinit)
    control_task                             0x08003f89   Thumb Code   304  control.o(i.control_task)
    delay_us                                 0x080040f5   Thumb Code    20  bsp_systick.o(i.delay_us)
    main                                     0x0800410d   Thumb Code   248  main.o(i.main)
    uart1_tx_task                            0x08004231   Thumb Code    30  usart1.o(i.uart1_tx_task)
    uart2_tx_task                            0x0800424f   Thumb Code    30  usart2.o(i.uart2_tx_task)
    Region$$Table$$Base                      0x0800426c   Number         0  anon$$obj.o(Region$$Table)
    Region$$Table$$Limit                     0x0800428c   Number         0  anon$$obj.o(Region$$Table)
    SystemCoreClock                          0x20000000   Data           4  system_stm32f4xx.o(.data)
    AHBPrescTable                            0x20000004   Data          16  system_stm32f4xx.o(.data)
    WaitFlag                                 0x20000024   Data           1  main.o(.data)
    Run_Mode                                 0x20000025   Data           1  main.o(.data)
    Up_Data_Flag                             0x20000026   Data           1  main.o(.data)
    uart_cmd                                 0x2000002c   Data           1  usart1.o(.data)
    sum                                      0x20000030   Data           4  usart1.o(.data)
    sum1                                     0x20000034   Data           4  usart2.o(.data)
    Usart6_Rec_Len                           0x20000038   Data           1  usart6.o(.data)
    ADC_Converted_Buff                       0x2000003a   Data           2  adc.o(.data)
    send_request_to_xxx                      0x2000003c   Data          12  data_type.o(.data)
    RelayOnflag                              0x20000048   Data           1  relay.o(.data)
    RelayOffflag                             0x20000049   Data           1  relay.o(.data)
    CRCTABH                                  0x2000004a   Data         256  crc.o(.data)
    CRCTABL                                  0x2000014a   Data         256  crc.o(.data)
    X_MOVE_BIT                               0x20000250   Data           1  lcfunc.o(.data)
    Y_MOVE_BIT                               0x20000251   Data           1  lcfunc.o(.data)
    DOWN_BIT                                 0x20000252   Data           1  lcfunc.o(.data)
    UP_BIT                                   0x20000253   Data           1  lcfunc.o(.data)
    down_time                                0x20000254   Data           1  lcfunc.o(.data)
    down_distance                            0x20000255   Data           1  lcfunc.o(.data)
    up_time                                  0x20000256   Data           1  lcfunc.o(.data)
    up_distance                              0x20000257   Data           1  lcfunc.o(.data)
    start_up                                 0x20000258   Data           1  lcfunc.o(.data)
    start_down                               0x20000259   Data           1  lcfunc.o(.data)
    SmallCarDataCorrect                      0x2000025a   Data           1  lcfunc.o(.data)
    SmallClawDataCorrect                     0x2000025b   Data           1  lcfunc.o(.data)
    ReverseStop                              0x2000025c   Data           1  lcfunc.o(.data)
    ReverseTime                              0x20000260   Data           4  lcfunc.o(.data)
    ReverseCount                             0x20000264   Data           1  lcfunc.o(.data)
    PointMove                                0x20000265   Data           1  lcfunc.o(.data)
    PointMoveTime                            0x20000268   Data           4  lcfunc.o(.data)
    UpOrDown                                 0x2000026c   Data           1  lcfunc.o(.data)
    CloseFlag                                0x2000026d   Data           1  lcfunc.o(.data)
    CloseDelay                               0x20000270   Data           4  lcfunc.o(.data)
    OpenFlag                                 0x20000274   Data           1  lcfunc.o(.data)
    OpenDelay                                0x20000278   Data           4  lcfunc.o(.data)
    ErrorSmallCar                            0x2000027c   Data           1  lcfunc.o(.data)
    Small_Claw_Up_Delay                      0x20000280   Data           8  lcfunc.o(.data)
    Small_Claw_Up_Delay_Flag                 0x20000288   Data           1  lcfunc.o(.data)
    Small_Claw_Up_Delay_Pool                 0x20000290   Data           8  lcfunc.o(.data)
    Small_Claw_Up_Delay_Pool_Flag            0x20000298   Data           1  lcfunc.o(.data)
    BCVar                                    0x20000299   Data           6  lcfunc.o(.data)
    HTaskModeFlag                            0x200002a3   Data           1  manual.o(.data)
    FullAutoStep                             0x200002a4   Data           1  fullauto.o(.data)
    HalfAutoStep                             0x200002a5   Data           1  halfauto.o(.data)
    SingleStepOver                           0x200002a6   Data           1  halfauto.o(.data)
    IsExecute                                0x200002a7   Data           1  halfauto.o(.data)
    origin                                   0x200002a8   Data          24  main.o(.bss)
    target                                   0x200002c0   Data          24  main.o(.bss)
    u1_receive_buff                          0x200002d8   Data         100  usart1.o(.bss)
    u2_receive_buff                          0x20000359   Data        1000  usart2.o(.bss)
    u3_receive_buff                          0x20000756   Data         100  usart3.o(.bss)
    laser                                    0x200007bc   Data          36  data_type.o(.bss)
    mpu                                      0x200007e0   Data          20  data_type.o(.bss)
    Up_Data                                  0x200007f4   Data          24  data_type.o(.bss)
    task_tim                                 0x2000080c   Data          14  control.o(.bss)
    __initial_sp                             0x20000c20   Data           0  startup_stm32f40xx.o(STACK)



==============================================================================

Memory Map of the image

  Image Entry point : 0x08000189

  Load Region LR_IROM1 (Base: 0x08000000, Size: 0x00004534, Max: 0x00080000, ABSOLUTE, COMPRESSED[0x000043d4])

    Execution Region ER_IROM1 (Exec base: 0x08000000, Load base: 0x08000000, Size: 0x0000428c, Max: 0x00080000, ABSOLUTE)

    Exec Addr    Load Addr    Size         Type   Attr      Idx    E Section Name        Object

    0x08000000   0x08000000   0x00000188   Data   RO            3    RESET               startup_stm32f40xx.o
    0x08000188   0x08000188   0x00000000   Code   RO         6019  * .ARM.Collect$$$$00000000  mc_w.l(entry.o)
    0x08000188   0x08000188   0x00000004   Code   RO         6030    .ARM.Collect$$$$00000001  mc_w.l(entry2.o)
    0x0800018c   0x0800018c   0x00000004   Code   RO         6033    .ARM.Collect$$$$00000004  mc_w.l(entry5.o)
    0x08000190   0x08000190   0x00000000   Code   RO         6035    .ARM.Collect$$$$00000008  mc_w.l(entry7b.o)
    0x08000190   0x08000190   0x00000000   Code   RO         6037    .ARM.Collect$$$$0000000A  mc_w.l(entry8b.o)
    0x08000190   0x08000190   0x00000008   Code   RO         6038    .ARM.Collect$$$$0000000B  mc_w.l(entry9a.o)
    0x08000198   0x08000198   0x00000000   Code   RO         6040    .ARM.Collect$$$$0000000D  mc_w.l(entry10a.o)
    0x08000198   0x08000198   0x00000000   Code   RO         6042    .ARM.Collect$$$$0000000F  mc_w.l(entry11a.o)
    0x08000198   0x08000198   0x00000004   Code   RO         6031    .ARM.Collect$$$$00002712  mc_w.l(entry2.o)
    0x0800019c   0x0800019c   0x00000024   Code   RO            4    .text               startup_stm32f40xx.o
    0x080001c0   0x080001c0   0x000000e4   Code   RO         6022    .text               mf_w.l(dmul.o)
    0x080002a4   0x080002a4   0x000000de   Code   RO         6024    .text               mf_w.l(ddiv.o)
    0x08000382   0x08000382   0x00000022   Code   RO         6026    .text               mf_w.l(dflti.o)
    0x080003a4   0x080003a4   0x00000038   Code   RO         6028    .text               mf_w.l(d2f.o)
    0x080003dc   0x080003dc   0x00000000   Code   RO         6044    .text               mc_w.l(iusefp.o)
    0x080003dc   0x080003dc   0x0000006e   Code   RO         6045    .text               mf_w.l(fepilogue.o)
    0x0800044a   0x0800044a   0x000000ba   Code   RO         6047    .text               mf_w.l(depilogue.o)
    0x08000504   0x08000504   0x00000024   Code   RO         6049    .text               mc_w.l(init.o)
    0x08000528   0x08000528   0x0000001e   Code   RO         6051    .text               mc_w.l(llshl.o)
    0x08000546   0x08000546   0x00000020   Code   RO         6053    .text               mc_w.l(llushr.o)
    0x08000566   0x08000566   0x00000056   Code   RO         6063    .text               mc_w.l(__dczerorl2.o)
    0x080005bc   0x080005bc   0x00000016   Code   RO          213    i.ADC_Cmd           stm32f4xx_adc.o
    0x080005d2   0x080005d2   0x00000002   PAD
    0x080005d4   0x080005d4   0x00000030   Code   RO          214    i.ADC_CommonInit    stm32f4xx_adc.o
    0x08000604   0x08000604   0x00000016   Code   RO          217    i.ADC_DMACmd        stm32f4xx_adc.o
    0x0800061a   0x0800061a   0x00000016   Code   RO          218    i.ADC_DMARequestAfterLastTransferCmd  stm32f4xx_adc.o
    0x08000630   0x08000630   0x000000b4   Code   RO         5455    i.ADC_DMA_Init      adc.o
    0x080006e4   0x080006e4   0x00000054   Code   RO          233    i.ADC_Init          stm32f4xx_adc.o
    0x08000738   0x08000738   0x000000b8   Code   RO          238    i.ADC_RegularChannelConfig  stm32f4xx_adc.o
    0x080007f0   0x080007f0   0x0000000a   Code   RO          240    i.ADC_SoftwareStartConv  stm32f4xx_adc.o
    0x080007fa   0x080007fa   0x00000002   PAD
    0x080007fc   0x080007fc   0x00000034   Code   RO         5622    i.Alarm_GPIO_Init   alarm.o
    0x08000830   0x08000830   0x0000003e   Code   RO         4630    i.BSP_Init          main.o
    0x0800086e   0x0800086e   0x00000002   PAD
    0x08000870   0x08000870   0x000000a0   Code   RO         5925    i.BackToOriginState  fullauto.o
    0x08000910   0x08000910   0x00000004   Code   RO         4832    i.BusFault_Handler  stm32f4xx_it.o
    0x08000914   0x08000914   0x00000038   Code   RO         5682    i.CRC16             crc.o
    0x0800094c   0x0800094c   0x00000058   Code   RO         5742    i.ClosePaw          lcfunc.o
    0x080009a4   0x080009a4   0x0000000c   Code   RO         5989    i.ConfirmNextStep   halfauto.o
    0x080009b0   0x080009b0   0x00000070   Code   RO         5456    i.DMA_ADC_Init      adc.o
    0x08000a20   0x08000a20   0x00000016   Code   RO         1213    i.DMA_Cmd           stm32f4xx_dma.o
    0x08000a36   0x08000a36   0x00000002   PAD
    0x08000a38   0x08000a38   0x00000158   Code   RO         1214    i.DMA_DeInit        stm32f4xx_dma.o
    0x08000b90   0x08000b90   0x00000014   Code   RO         1218    i.DMA_GetCmdStatus  stm32f4xx_dma.o
    0x08000ba4   0x08000ba4   0x00000008   Code   RO         1219    i.DMA_GetCurrDataCounter  stm32f4xx_dma.o
    0x08000bac   0x08000bac   0x0000003a   Code   RO         1224    i.DMA_ITConfig      stm32f4xx_dma.o
    0x08000be6   0x08000be6   0x00000002   PAD
    0x08000be8   0x08000be8   0x00000058   Code   RO         1225    i.DMA_Init          stm32f4xx_dma.o
    0x08000c40   0x08000c40   0x00000004   Code   RO         1228    i.DMA_SetCurrDataCounter  stm32f4xx_dma.o
    0x08000c44   0x08000c44   0x0000008c   Code   RO         5744    i.DataCommunicateManage  lcfunc.o
    0x08000cd0   0x08000cd0   0x00000002   Code   RO         4833    i.DebugMon_Handler  stm32f4xx_it.o
    0x08000cd2   0x08000cd2   0x00000002   PAD
    0x08000cd4   0x08000cd4   0x00000214   Code   RO         5745    i.DownPawToLitterPool  lcfunc.o
    0x08000ee8   0x08000ee8   0x00000034   Code   RO         5926    i.DowntoLitterPool  fullauto.o
    0x08000f1c   0x08000f1c   0x00000078   Code   RO         5649    i.EXTI10_Init       exti.o
    0x08000f94   0x08000f94   0x00000016   Code   RO         5650    i.EXTI15_10_IRQHandler  exti.o
    0x08000faa   0x08000faa   0x00000002   PAD
    0x08000fac   0x08000fac   0x0000000c   Code   RO         1344    i.EXTI_ClearITPendingBit  stm32f4xx_exti.o
    0x08000fb8   0x08000fb8   0x00000018   Code   RO         1348    i.EXTI_GetITStatus  stm32f4xx_exti.o
    0x08000fd0   0x08000fd0   0x00000094   Code   RO         1349    i.EXTI_Init         stm32f4xx_exti.o
    0x08001064   0x08001064   0x00000090   Code   RO         1722    i.GPIO_Init         stm32f4xx_gpio.o
    0x080010f4   0x080010f4   0x00000046   Code   RO         1723    i.GPIO_PinAFConfig  stm32f4xx_gpio.o
    0x0800113a   0x0800113a   0x00000004   Code   RO         1729    i.GPIO_ResetBits    stm32f4xx_gpio.o
    0x0800113e   0x0800113e   0x00000004   Code   RO         1730    i.GPIO_SetBits      stm32f4xx_gpio.o
    0x08001142   0x08001142   0x00000008   Code   RO         5927    i.HFClosePaw        fullauto.o
    0x0800114a   0x0800114a   0x00000008   Code   RO         5928    i.HFOpenPaw         fullauto.o
    0x08001152   0x08001152   0x00000004   Code   RO         4834    i.HardFault_Handler  stm32f4xx_it.o
    0x08001156   0x08001156   0x00000002   PAD
    0x08001158   0x08001158   0x00000134   Code   RO         5746    i.HorizontalDotMove  lcfunc.o
    0x0800128c   0x0800128c   0x00000048   Code   RO         5929    i.HorizontalMoving  fullauto.o
    0x080012d4   0x080012d4   0x00000030   Code   RO         4979    i.Key_Init          bsp_key.o
    0x08001304   0x08001304   0x00000034   Code   RO         4952    i.LED_Init          bsp_led.o
    0x08001338   0x08001338   0x00000068   Code   RO         5870    i.ManualClose       manual.o
    0x080013a0   0x080013a0   0x00000068   Code   RO         5871    i.ManualOpen        manual.o
    0x08001408   0x08001408   0x000000bc   Code   RO         5873    i.ManualXMoving     manual.o
    0x080014c4   0x080014c4   0x000000bc   Code   RO         5874    i.ManualYMoving     manual.o
    0x08001580   0x08001580   0x00000004   Code   RO         4835    i.MemManage_Handler  stm32f4xx_it.o
    0x08001584   0x08001584   0x00000002   Code   RO         4836    i.NMI_Handler       stm32f4xx_it.o
    0x08001586   0x08001586   0x00000002   PAD
    0x08001588   0x08001588   0x00000078   Code   RO          155    i.NVIC_Init         misc.o
    0x08001600   0x08001600   0x00000002   Code   RO         4837    i.PendSV_Handler    stm32f4xx_it.o
    0x08001602   0x08001602   0x00000002   PAD
    0x08001604   0x08001604   0x00000028   Code   RO         5568    i.PowerOff          relay.o
    0x0800162c   0x0800162c   0x00000028   Code   RO         5569    i.PowerOn           relay.o
    0x08001654   0x08001654   0x00000020   Code   RO         2426    i.RCC_AHB1PeriphClockCmd  stm32f4xx_rcc.o
    0x08001674   0x08001674   0x00000020   Code   RO         2435    i.RCC_APB1PeriphClockCmd  stm32f4xx_rcc.o
    0x08001694   0x08001694   0x00000020   Code   RO         2438    i.RCC_APB2PeriphClockCmd  stm32f4xx_rcc.o
    0x080016b4   0x080016b4   0x00000020   Code   RO         2440    i.RCC_APB2PeriphResetCmd  stm32f4xx_rcc.o
    0x080016d4   0x080016d4   0x000000e8   Code   RO         2447    i.RCC_GetClocksFreq  stm32f4xx_rcc.o
    0x080017bc   0x080017bc   0x0000004c   Code   RO         5712    i.RS485_Init        rs485.o
    0x08001808   0x08001808   0x00000154   Code   RO         5713    i.RS485_Send_Data   rs485.o
    0x0800195c   0x0800195c   0x0000003c   Code   RO         5570    i.RelayOff          relay.o
    0x08001998   0x08001998   0x0000003c   Code   RO         5571    i.RelayOn           relay.o
    0x080019d4   0x080019d4   0x00000084   Code   RO         5572    i.Relay_GPIO_Init   relay.o
    0x08001a58   0x08001a58   0x00000058   Code   RO         5747    i.ReleasePaw        lcfunc.o
    0x08001ab0   0x08001ab0   0x0000001e   Code   RO         5748    i.RequestStart      lcfunc.o
    0x08001ace   0x08001ace   0x00000002   PAD
    0x08001ad0   0x08001ad0   0x00000024   Code   RO         5080    i.RequestStartToSmallCar  usart1.o
    0x08001af4   0x08001af4   0x00000024   Code   RO         5164    i.RequestStartToSmallClaw  usart2.o
    0x08001b18   0x08001b18   0x0000001e   Code   RO         5749    i.RequestStop       lcfunc.o
    0x08001b36   0x08001b36   0x00000002   PAD
    0x08001b38   0x08001b38   0x00000024   Code   RO         5081    i.RequestStopToSmallCar  usart1.o
    0x08001b5c   0x08001b5c   0x00000024   Code   RO         5165    i.RequestStopToSmallClaw  usart2.o
    0x08001b80   0x08001b80   0x00000124   Code   RO         5751    i.RevStop           lcfunc.o
    0x08001ca4   0x08001ca4   0x0000002c   Code   RO         5930    i.RisePawFromLitterPool  fullauto.o
    0x08001cd0   0x08001cd0   0x00000002   Code   RO         4838    i.SVC_Handler       stm32f4xx_it.o
    0x08001cd2   0x08001cd2   0x00000002   PAD
    0x08001cd4   0x08001cd4   0x00000040   Code   RO         3749    i.SYSCFG_EXTILineConfig  stm32f4xx_syscfg.o
    0x08001d14   0x08001d14   0x000000ec   Code   RO           13    i.SetSysClock       system_stm32f4xx.o
    0x08001e00   0x08001e00   0x0000031c   Code   RO         5931    i.SmallCarFullAutoMode  fullauto.o
    0x0800211c   0x0800211c   0x0000061c   Code   RO         5990    i.SmallCarHalfAutoMode  halfauto.o
    0x08002738   0x08002738   0x00000008   Code   RO         4839    i.SysTick_Handler   stm32f4xx_it.o
    0x08002740   0x08002740   0x00000068   Code   RO         4907    i.SysTick_Init      bsp_systick.o
    0x080027a8   0x080027a8   0x00000068   Code   RO           15    i.SystemInit        system_stm32f4xx.o
    0x08002810   0x08002810   0x00000020   Code   RO         5019    i.TIM7_IRQHandler   bsp_basic_tim.o
    0x08002830   0x08002830   0x00000060   Code   RO         5020    i.TIM7_Init         bsp_basic_tim.o
    0x08002890   0x08002890   0x00000006   Code   RO         3817    i.TIM_ClearITPendingBit  stm32f4xx_tim.o
    0x08002896   0x08002896   0x00000018   Code   RO         3822    i.TIM_Cmd           stm32f4xx_tim.o
    0x080028ae   0x080028ae   0x00000022   Code   RO         3843    i.TIM_GetITStatus   stm32f4xx_tim.o
    0x080028d0   0x080028d0   0x00000012   Code   RO         3847    i.TIM_ITConfig      stm32f4xx_tim.o
    0x080028e2   0x080028e2   0x00000002   PAD
    0x080028e4   0x080028e4   0x00000084   Code   RO         3894    i.TIM_TimeBaseInit  stm32f4xx_tim.o
    0x08002968   0x08002968   0x00000018   Code   RO         4908    i.TimingDelay_Decrement  bsp_systick.o
    0x08002980   0x08002980   0x00000060   Code   RO         5386    i.UART4_IRQHandler  uart4.o
    0x080029e0   0x080029e0   0x0000002c   Code   RO         5388    i.UART4_RX_DMAReset  uart4.o
    0x08002a0c   0x08002a0c   0x0000002c   Code   RO         5082    i.USART1_DMA_TxConfig  usart1.o
    0x08002a38   0x08002a38   0x00000168   Code   RO         5083    i.USART1_IRQHandler  usart1.o
    0x08002ba0   0x08002ba0   0x0000000c   Code   RO         5084    i.USART1_Init       usart1.o
    0x08002bac   0x08002bac   0x00000030   Code   RO         5166    i.USART2_DMA_TxConfig  usart2.o
    0x08002bdc   0x08002bdc   0x00000294   Code   RO         5167    i.USART2_IRQHandler  usart2.o
    0x08002e70   0x08002e70   0x0000000c   Code   RO         5168    i.USART2_Init       usart2.o
    0x08002e7c   0x08002e7c   0x00000030   Code   RO         5248    i.USART3_DMA_TxConfig  usart3.o
    0x08002eac   0x08002eac   0x00000228   Code   RO         5249    i.USART3_IRQHandler  usart3.o
    0x080030d4   0x080030d4   0x0000000c   Code   RO         5250    i.USART3_Init       usart3.o
    0x080030e0   0x080030e0   0x00000068   Code   RO         5315    i.USART6_IRQHandler  usart6.o
    0x08003148   0x08003148   0x00000012   Code   RO         4372    i.USART_ClearFlag   stm32f4xx_usart.o
    0x0800315a   0x0800315a   0x0000001e   Code   RO         4373    i.USART_ClearITPendingBit  stm32f4xx_usart.o
    0x08003178   0x08003178   0x00000018   Code   RO         4376    i.USART_Cmd         stm32f4xx_usart.o
    0x08003190   0x08003190   0x00000012   Code   RO         4377    i.USART_DMACmd      stm32f4xx_usart.o
    0x080031a2   0x080031a2   0x00000002   PAD
    0x080031a4   0x080031a4   0x00000078   Code   RO         5086    i.USART_DMA_RxConfig  usart1.o
    0x0800321c   0x0800321c   0x0000007c   Code   RO         5170    i.USART_DMA_RxConfig  usart2.o
    0x08003298   0x08003298   0x00000078   Code   RO         5251    i.USART_DMA_RxConfig  usart3.o
    0x08003310   0x08003310   0x00000064   Code   RO         5087    i.USART_DMA_Tx_init  usart1.o
    0x08003374   0x08003374   0x00000064   Code   RO         5171    i.USART_DMA_Tx_init  usart2.o
    0x080033d8   0x080033d8   0x00000080   Code   RO         5252    i.USART_DMA_Tx_init  usart3.o
    0x08003458   0x08003458   0x00000054   Code   RO         4380    i.USART_GetITStatus  stm32f4xx_usart.o
    0x080034ac   0x080034ac   0x0000004a   Code   RO         4382    i.USART_ITConfig    stm32f4xx_usart.o
    0x080034f6   0x080034f6   0x00000002   PAD
    0x080034f8   0x080034f8   0x000000d4   Code   RO         4383    i.USART_Init        stm32f4xx_usart.o
    0x080035cc   0x080035cc   0x0000002c   Code   RO         5088    i.USART_RX_DMAReset  usart1.o
    0x080035f8   0x080035f8   0x00000030   Code   RO         5172    i.USART_RX_DMAReset  usart2.o
    0x08003628   0x08003628   0x0000002c   Code   RO         5253    i.USART_RX_DMAReset  usart3.o
    0x08003654   0x08003654   0x0000002c   Code   RO         5320    i.USART_RX_DMAReset  usart6.o
    0x08003680   0x08003680   0x0000000a   Code   RO         4390    i.USART_ReceiveData  stm32f4xx_usart.o
    0x0800368a   0x0800368a   0x00000002   PAD
    0x0800368c   0x0800368c   0x00000170   Code   RO         5755    i.UpPawFromLitterPool  lcfunc.o
    0x080037fc   0x080037fc   0x00000004   Code   RO         4840    i.UsageFault_Handler  stm32f4xx_it.o
    0x08003800   0x08003800   0x00000098   Code   RO         5756    i.VerticalDotMove   lcfunc.o
    0x08003898   0x08003898   0x00000220   Code   RO         5757    i.XMoving           lcfunc.o
    0x08003ab8   0x08003ab8   0x000001c4   Code   RO         5758    i.YMoving           lcfunc.o
    0x08003c7c   0x08003c7c   0x0000000e   Code   RO         6057    i.__scatterload_copy  mc_w.l(handlers.o)
    0x08003c8a   0x08003c8a   0x00000002   Code   RO         6058    i.__scatterload_null  mc_w.l(handlers.o)
    0x08003c8c   0x08003c8c   0x0000000e   Code   RO         6059    i.__scatterload_zeroinit  mc_w.l(handlers.o)
    0x08003c9a   0x08003c9a   0x00000002   PAD
    0x08003c9c   0x08003c9c   0x00000104   Code   RO         5089    i.bsp_initUSART     usart1.o
    0x08003da0   0x08003da0   0x000000e4   Code   RO         5173    i.bsp_initUSART     usart2.o
    0x08003e84   0x08003e84   0x00000104   Code   RO         5254    i.bsp_initUSART     usart3.o
    0x08003f88   0x08003f88   0x0000016c   Code   RO         5524    i.control_task      control.o
    0x080040f4   0x080040f4   0x00000018   Code   RO         4909    i.delay_us          bsp_systick.o
    0x0800410c   0x0800410c   0x00000124   Code   RO         4631    i.main              main.o
    0x08004230   0x08004230   0x0000001e   Code   RO         5090    i.uart1_tx_task     usart1.o
    0x0800424e   0x0800424e   0x0000001e   Code   RO         5174    i.uart2_tx_task     usart2.o
    0x0800426c   0x0800426c   0x00000020   Data   RO         6055    Region$$Table       anon$$obj.o


    Execution Region RW_IRAM1 (Exec base: 0x20000000, Load base: 0x0800428c, Size: 0x00000c20, Max: 0x00020000, ABSOLUTE, COMPRESSED[0x00000148])

    Exec Addr    Load Addr    Size         Type   Attr      Idx    E Section Name        Object

    0x20000000   COMPRESSED   0x00000014   Data   RW           16    .data               system_stm32f4xx.o
    0x20000014   COMPRESSED   0x00000010   Data   RW         2479    .data               stm32f4xx_rcc.o
    0x20000024   COMPRESSED   0x00000003   Data   RW         4633    .data               main.o
    0x20000027   COMPRESSED   0x00000001   PAD
    0x20000028   COMPRESSED   0x00000004   Data   RW         4910    .data               bsp_systick.o
    0x2000002c   COMPRESSED   0x00000008   Data   RW         5092    .data               usart1.o
    0x20000034   COMPRESSED   0x00000004   Data   RW         5176    .data               usart2.o
    0x20000038   COMPRESSED   0x00000001   Data   RW         5323    .data               usart6.o
    0x20000039   COMPRESSED   0x00000001   PAD
    0x2000003a   COMPRESSED   0x00000002   Data   RW         5458    .data               adc.o
    0x2000003c   COMPRESSED   0x0000000c   Data   RW         5498    .data               data_type.o
    0x20000048   COMPRESSED   0x00000002   Data   RW         5573    .data               relay.o
    0x2000004a   COMPRESSED   0x00000200   Data   RW         5683    .data               crc.o
    0x2000024a   COMPRESSED   0x00000006   PAD
    0x20000250   COMPRESSED   0x00000053   Data   RW         5759    .data               lcfunc.o
    0x200002a3   COMPRESSED   0x00000001   Data   RW         5875    .data               manual.o
    0x200002a4   COMPRESSED   0x00000001   Data   RW         5932    .data               fullauto.o
    0x200002a5   COMPRESSED   0x00000003   Data   RW         5991    .data               halfauto.o
    0x200002a8        -       0x00000030   Zero   RW         4632    .bss                main.o
    0x200002d8        -       0x00000081   Zero   RW         5091    .bss                usart1.o
    0x20000359        -       0x000003fd   Zero   RW         5175    .bss                usart2.o
    0x20000756        -       0x00000064   Zero   RW         5255    .bss                usart3.o
    0x200007ba   COMPRESSED   0x00000002   PAD
    0x200007bc        -       0x00000050   Zero   RW         5497    .bss                data_type.o
    0x2000080c        -       0x0000000e   Zero   RW         5525    .bss                control.o
    0x2000081a   COMPRESSED   0x00000006   PAD
    0x20000820        -       0x00000400   Zero   RW            1    STACK               startup_stm32f40xx.o


==============================================================================

Image component sizes


      Code (inc. data)   RO Data    RW Data    ZI Data      Debug   Object Name

       292         22          0          2          0       1627   adc.o
        52          4          0          0          0        574   alarm.o
       128         12          0          0          0       1354   bsp_basic_tim.o
        48          6          0          0          0        559   bsp_key.o
        52          6          0          0          0        563   bsp_led.o
       152         26          0          4          0      28621   bsp_systick.o
       364         60          0          0         14       2404   control.o
        56          8          0        512          0       1298   crc.o
         0          0          0         12         80       2077   data_type.o
       142          4          0          0          0       1217   exti.o
      1140        152          0          1          0       5053   fullauto.o
      1576        120          0          3          0       2439   halfauto.o
      3024        300          0         83          0      11544   lcfunc.o
       354         52          0          3         48     278538   main.o
       584         92          0          1          0       3047   manual.o
       120         14          0          0          0       1212   misc.o
       332         40          0          2          0       3023   relay.o
       416         16          0          0          0       1503   rs485.o
        36          8        392          0       1024        988   startup_stm32f40xx.o
       392         24          0          0          0       6239   stm32f4xx_adc.o
       544         26          0          0          0       6222   stm32f4xx_dma.o
       184         16          0          0          0       2484   stm32f4xx_exti.o
       222          0          0          0          0       3355   stm32f4xx_gpio.o
        32          0          0          0          0       4486   stm32f4xx_it.o
       360         42          0         16          0       5860   stm32f4xx_rcc.o
        64          4          0          0          0        740   stm32f4xx_syscfg.o
       214         28          0          0          0       4234   stm32f4xx_tim.o
       470          8          0          0          0       6937   stm32f4xx_usart.o
       340         32          0         20          0     314149   system_stm32f4xx.o
       140         16          0          0          0       1191   uart4.o
      1042        100          0          8        129      10154   usart1.o
      1322        136          0          4       1021      10132   usart2.o
      1164         86          0          0        100       7673   usart3.o
       148         22          0          1          0       3473   usart6.o

    ----------------------------------------------------------------------
     15540       1482        424        680       2424     734970   Object Totals
         0          0         32          0          0          0   (incl. Generated)
        34          0          0          8          8          0   (incl. Padding)

    ----------------------------------------------------------------------

      Code (inc. data)   RO Data    RW Data    ZI Data      Debug   Library Member Name

        86          0          0          0          0          0   __dczerorl2.o
         0          0          0          0          0          0   entry.o
         0          0          0          0          0          0   entry10a.o
         0          0          0          0          0          0   entry11a.o
         8          4          0          0          0          0   entry2.o
         4          0          0          0          0          0   entry5.o
         0          0          0          0          0          0   entry7b.o
         0          0          0          0          0          0   entry8b.o
         8          4          0          0          0          0   entry9a.o
        30          0          0          0          0          0   handlers.o
        36          8          0          0          0         68   init.o
         0          0          0          0          0          0   iusefp.o
        30          0          0          0          0         68   llshl.o
        32          0          0          0          0         68   llushr.o
        56          0          0          0          0         88   d2f.o
       222          0          0          0          0        100   ddiv.o
       186          0          0          0          0        176   depilogue.o
        34          0          0          0          0         76   dflti.o
       228          0          0          0          0         96   dmul.o
       110          0          0          0          0        168   fepilogue.o

    ----------------------------------------------------------------------
      1072         16          0          0          0        908   Library Totals
         2          0          0          0          0          0   (incl. Padding)

    ----------------------------------------------------------------------

      Code (inc. data)   RO Data    RW Data    ZI Data      Debug   Library Name

       234         16          0          0          0        204   mc_w.l
       836          0          0          0          0        704   mf_w.l

    ----------------------------------------------------------------------
      1072         16          0          0          0        908   Library Totals

    ----------------------------------------------------------------------

==============================================================================


      Code (inc. data)   RO Data    RW Data    ZI Data      Debug   

     16612       1498        424        680       2424     723298   Grand Totals
     16612       1498        424        328       2424     723298   ELF Image Totals (compressed)
     16612       1498        424        328          0          0   ROM Totals

==============================================================================

    Total RO  Size (Code + RO Data)                17036 (  16.64kB)
    Total RW  Size (RW Data + ZI Data)              3104 (   3.03kB)
    Total ROM Size (Code + RO Data + RW Data)      17364 (  16.96kB)

==============================================================================

